   Input file: pro1.in
  Output file: pro1.in.out
Database file: phreeqc.dat

------------------
Reading data base.
------------------

	SOLUTION_MASTER_SPECIES
	SOLUTION_SPECIES
	PHASES
	GAS_BINARY_PARAMETERS
	EXCHANGE_MASTER_SPECIES
	EXCHANGE_SPECIES
	SURFACE_MASTER_SPECIES
	SURFACE_SPECIES
	MEAN_GAMMAS
	RATES
	END
------------------------------------
Reading input data for simulation 1.
------------------------------------

	SOLUTION 1 Mt. Edna Solciechiata
	   units      mg/l
	   pH         6.90
	   pe         -0.2
	   density    1.00
	   temp       17.2
	   Al         0.01
	   C(4)       1180 as HCO3
	   Ba         0.0296
	   Ca         28.1
	   Cd         0.00026
	   Cl         238 charge
	   Cu         0.0018
	   Fe         0.150
	   K          30.1
	   Li         0.180
	   Mg         214
	   Mn         0.0277
	   Na         250
	   Pb         0.017
	   S(6)       128
	   Si         79.4 as SiO2
	   Sr         0.673
	   Zn         0.0604
	END
-------------------------------------------
Beginning of initial solution calculations.
-------------------------------------------

Initial solution 1.	Mt. Edna Solciechiata

-----------------------------Solution composition------------------------------

	Elements           Molality       Moles

	Al                3.714e-07   3.714e-07
	Ba                2.160e-07   2.160e-07
	C(4)              1.938e-02   1.938e-02
	Ca                7.026e-04   7.026e-04
	Cd                2.318e-09   2.318e-09
	Cl                1.261e-02   1.261e-02  Charge balance
	Cu                2.839e-08   2.839e-08
	Fe                2.692e-06   2.692e-06
	K                 7.714e-04   7.714e-04
	Li                2.600e-05   2.600e-05
	Mg                8.821e-03   8.821e-03
	Mn                5.053e-07   5.053e-07
	Na                1.090e-02   1.090e-02
	Pb                8.223e-08   8.223e-08
	S(6)              1.335e-03   1.335e-03
	Si                1.324e-03   1.324e-03
	Sr                7.697e-06   7.697e-06
	Zn                9.260e-07   9.260e-07

----------------------------Description of solution----------------------------

                                       pH  =   6.900    
                                       pe  =  -0.200    
      Specific Conductance (µS/cm,  17°C)  = 2350
                          Density (g/cm³)  =   1.00047
                               Volume (L)  =   1.00188
                        Viscosity (mPa s)  =   1.09359
                        Activity of water  =   0.999
                 Ionic strength (mol/kgw)  =   3.840e-02
                       Mass of water (kg)  =   1.000e+00
                 Total alkalinity (eq/kg)  =   1.549e-02
                       Total CO2 (mol/kg)  =   1.938e-02
                         Temperature (°C)  =  17.20
                  Electrical balance (eq)  =  -2.329e-16
 Percent error, 100*(Cat-|An|)/(Cat+|An|)  =  -0.00
                               Iterations  =  13
                                  Total H  = 1.110332e+02
                                  Total O  = 5.557108e+01

----------------------------Distribution of species----------------------------

                                               Log       Log       Log    mole V
   Species          Molality    Activity  Molality  Activity     Gamma   cm³/mol

   H+              1.454e-07   1.259e-07    -6.837    -6.900    -0.063      0.00
   OH-             5.208e-08   4.326e-08    -7.283    -7.364    -0.081     -4.30
   H2O             5.551e+01   9.991e-01     1.744    -0.000     0.000     18.04
Al            3.714e-07
   Al(OH)4-        3.146e-07   2.637e-07    -6.502    -6.579    -0.077     (0)  
   Al(OH)2+        3.572e-08   3.017e-08    -7.447    -7.520    -0.073     (0)  
   Al(OH)3         1.909e-08   1.926e-08    -7.719    -7.715     0.004     (0)  
   AlOH+2          1.945e-09   9.902e-10    -8.711    -9.004    -0.293    -27.07
   Al+3            7.693e-11   2.104e-11   -10.114   -10.677    -0.563    -40.98
   AlSO4+          3.101e-11   2.600e-11   -10.508   -10.585    -0.077     (0)  
   Al(SO4)2-       4.096e-13   3.434e-13   -12.388   -12.464    -0.077     (0)  
   AlHSO4+2        5.535e-19   2.731e-19   -18.257   -18.564    -0.307     (0)  
Ba            2.160e-07
   Ba+2            1.860e-07   9.147e-08    -6.730    -7.039    -0.308    -12.79
   BaSO4           1.970e-08   1.987e-08    -7.706    -7.702     0.004     (0)  
   BaHCO3+         1.014e-08   8.499e-09    -7.994    -8.071    -0.077     (0)  
   BaCO3           1.553e-10   1.567e-10    -9.809    -9.805     0.004    -10.78
   BaOH+           2.921e-14   2.460e-14   -13.534   -13.609    -0.075     (0)  
C(4)          1.938e-02
   HCO3-           1.467e-02   1.239e-02    -1.834    -1.907    -0.073     24.01
   CO2             3.914e-03   3.936e-03    -2.407    -2.405     0.003     34.04
   MgHCO3+         6.811e-04   5.685e-04    -3.167    -3.245    -0.079      5.33
   NaHCO3          7.637e-05   7.774e-05    -4.117    -4.109     0.008     31.80
   CaHCO3+         1.333e-05   1.131e-05    -4.875    -4.946    -0.071    122.40
   MgCO3           1.313e-05   1.324e-05    -4.882    -4.878     0.004    -17.08
   CO3-2           7.617e-06   3.879e-06    -5.118    -5.411    -0.293     -4.27
   KHCO3           3.084e-06   3.086e-06    -5.511    -5.511     0.000     40.97
   CaCO3           1.911e-06   1.928e-06    -5.719    -5.715     0.004    -14.63
   FeHCO3+         1.111e-06   9.308e-07    -5.954    -6.031    -0.077     (0)  
   SrHCO3+         6.005e-07   5.073e-07    -6.221    -6.295    -0.073     (0)  
   ZnHCO3+         3.534e-07   2.962e-07    -6.452    -6.528    -0.077     (0)  
   (CO2)2          2.153e-07   2.173e-07    -6.667    -6.663     0.004     68.09
   MnHCO3+         1.810e-07   1.524e-07    -6.742    -6.817    -0.075     (0)  
   ZnCO3           1.456e-07   1.469e-07    -6.837    -6.833     0.004     (0)  
   FeCO3           6.928e-08   6.990e-08    -7.159    -7.156     0.004     (0)  
   PbCO3           6.638e-08   6.697e-08    -7.178    -7.174     0.004     (0)  
   MnCO3           4.215e-08   4.252e-08    -7.375    -7.371     0.004     (0)  
   Zn(CO3)2-2      2.469e-08   1.218e-08    -7.607    -7.914    -0.307     (0)  
   PbHCO3+         1.167e-08   9.779e-09    -7.933    -8.010    -0.077     (0)  
   BaHCO3+         1.014e-08   8.499e-09    -7.994    -8.071    -0.077     (0)  
   SrCO3           6.814e-09   6.875e-09    -8.167    -8.163     0.004    -14.16
   Pb(CO3)2-2      1.322e-09   6.525e-10    -8.879    -9.185    -0.307     (0)  
   CdHCO3+         2.832e-10   2.374e-10    -9.548    -9.625    -0.077     (0)  
   BaCO3           1.553e-10   1.567e-10    -9.809    -9.805     0.004    -10.78
   CuCO3           1.688e-11   1.703e-11   -10.773   -10.769     0.004     (0)  
   CuHCO3+         6.059e-12   5.078e-12   -11.218   -11.294    -0.077     (0)  
   CdCO3           1.850e-12   1.867e-12   -11.733   -11.729     0.004     (0)  
   Cu(CO3)2-2      1.686e-13   8.317e-14   -12.773   -13.080    -0.307     (0)  
   Cd(CO3)2-2      4.640e-14   2.290e-14   -13.333   -13.640    -0.307     (0)  
Ca            7.026e-04
   Ca+2            6.630e-04   3.381e-04    -3.178    -3.471    -0.292    -17.83
   CaSO4           2.433e-05   2.454e-05    -4.614    -4.610     0.004      7.17
   CaHCO3+         1.333e-05   1.131e-05    -4.875    -4.946    -0.071    122.40
   CaCO3           1.911e-06   1.928e-06    -5.719    -5.715     0.004    -14.63
   CaOH+           5.313e-10   4.453e-10    -9.275    -9.351    -0.077     (0)  
   CaHSO4+         2.183e-11   1.829e-11   -10.661   -10.738    -0.077     (0)  
Cd            2.318e-09
   Cd+2            1.228e-09   6.059e-10    -8.911    -9.218    -0.307    -18.76
   CdCl+           7.058e-10   5.916e-10    -9.151    -9.228    -0.077      3.93
   CdHCO3+         2.832e-10   2.374e-10    -9.548    -9.625    -0.077     (0)  
   CdSO4           7.149e-11   7.213e-11   -10.146   -10.142     0.004     82.37
   CdCl2           2.492e-11   2.514e-11   -10.603   -10.600     0.004     23.14
   CdCO3           1.850e-12   1.867e-12   -11.733   -11.729     0.004     (0)  
   CdOHCl          1.620e-12   1.635e-12   -11.790   -11.787     0.004     (0)  
   Cd(SO4)2-2      7.296e-13   3.600e-13   -12.137   -12.444    -0.307   -111.09
   CdOH+           2.635e-13   2.208e-13   -12.579   -12.656    -0.077     (0)  
   CdCl3-          1.762e-13   1.476e-13   -12.754   -12.831    -0.077     75.72
   Cd(CO3)2-2      4.640e-14   2.290e-14   -13.333   -13.640    -0.307     (0)  
   Cd(OH)2         1.690e-16   1.705e-16   -15.772   -15.768     0.004     (0)  
   Cd2OH+3         3.549e-21   7.241e-22   -20.450   -21.140    -0.690     (0)  
   Cd(OH)3-        1.811e-22   1.518e-22   -21.742   -21.819    -0.077     (0)  
   Cd(OH)4-2       2.176e-29   1.074e-29   -28.662   -28.969    -0.307     (0)  
Cl            1.261e-02
   Cl-             1.261e-02   1.050e-02    -1.899    -1.979    -0.079     17.93
   CuCl2-          2.687e-08   2.243e-08    -7.571    -7.649    -0.079     (0)  
   FeCl+           1.299e-08   1.089e-08    -7.886    -7.963    -0.077     (0)  
   MnCl+           7.012e-09   5.904e-09    -8.154    -8.229    -0.075     -5.22
   ZnCl+           4.516e-09   3.769e-09    -8.345    -8.424    -0.079    -22.53
   CuCl3-2         7.202e-10   3.619e-10    -9.143    -9.441    -0.299     (0)  
   CdCl+           7.058e-10   5.916e-10    -9.151    -9.228    -0.077      3.93
   ZnOHCl          5.193e-10   5.239e-10    -9.285    -9.281     0.004     (0)  
   HCl             4.603e-10   4.780e-10    -9.337    -9.321     0.016     (0)  
   PbCl+           4.063e-10   3.406e-10    -9.391    -9.468    -0.077      7.72
   ZnCl2           3.978e-11   4.013e-11   -10.400   -10.397     0.004    119.16
   MnCl2           2.682e-11   2.706e-11   -10.572   -10.568     0.004     96.63
   CdCl2           2.492e-11   2.514e-11   -10.603   -10.600     0.004     23.14
   PbCl2           6.524e-12   6.582e-12   -11.185   -11.182     0.004     34.26
   CdOHCl          1.620e-12   1.635e-12   -11.790   -11.787     0.004     (0)  
   ZnCl3-          5.399e-13   4.506e-13   -12.268   -12.346    -0.079     15.97
   CdCl3-          1.762e-13   1.476e-13   -12.754   -12.831    -0.077     75.72
   MnCl3-          9.295e-14   7.826e-14   -13.032   -13.106    -0.075     43.86
   PbCl3-          6.234e-14   5.225e-14   -13.205   -13.282    -0.077     65.02
   CuCl+           1.871e-14   1.561e-14   -13.728   -13.807    -0.079      3.05
   ZnCl4-2         4.429e-15   2.226e-15   -14.354   -14.653    -0.299    144.63
   PbCl4-2         5.004e-16   2.469e-16   -15.301   -15.607    -0.307    100.49
   CuCl2           8.003e-17   8.074e-17   -16.097   -16.093     0.004     20.87
   FeCl+2          1.429e-20   7.180e-21   -19.845   -20.144    -0.299     (0)  
   CuCl3-          3.127e-21   2.610e-21   -20.505   -20.583    -0.079     (0)  
   FeCl2+          5.156e-22   4.341e-22   -21.288   -21.362    -0.075     (0)  
   FeCl3           4.518e-25   4.558e-25   -24.345   -24.341     0.004     (0)  
   CuCl4-2         2.271e-25   1.141e-25   -24.644   -24.943    -0.299     (0)  
Cu(1)         2.836e-08
   CuCl2-          2.687e-08   2.243e-08    -7.571    -7.649    -0.079     (0)  
   Cu+             7.677e-10   6.312e-10    -9.115    -9.200    -0.085     (0)  
   CuCl3-2         7.202e-10   3.619e-10    -9.143    -9.441    -0.299     (0)  
Cu(2)         2.592e-11
   CuCO3           1.688e-11   1.703e-11   -10.773   -10.769     0.004     (0)  
   CuHCO3+         6.059e-12   5.078e-12   -11.218   -11.294    -0.077     (0)  
   Cu+2            1.576e-12   8.178e-13   -11.802   -12.087    -0.285    -26.15
   Cu(OH)2         1.067e-12   1.076e-12   -11.972   -11.968     0.004     (0)  
   Cu(CO3)2-2      1.686e-13   8.317e-14   -12.773   -13.080    -0.307     (0)  
   CuOH+           7.776e-14   6.490e-14   -13.109   -13.188    -0.079     (0)  
   CuSO4           6.788e-14   6.848e-14   -13.168   -13.164     0.004     12.00
   CuCl+           1.871e-14   1.561e-14   -13.728   -13.807    -0.079      3.05
   CuCl2           8.003e-17   8.074e-17   -16.097   -16.093     0.004     20.87
   Cu(OH)3-        6.139e-19   5.145e-19   -18.212   -18.289    -0.077     (0)  
   CuCl3-          3.127e-21   2.610e-21   -20.505   -20.583    -0.079     (0)  
   Cu2(OH)2+2      1.686e-21   8.320e-22   -20.773   -21.080    -0.307     (0)  
   Cu(OH)4-2       1.651e-24   8.147e-25   -23.782   -24.089    -0.307     (0)  
   CuCl4-2         2.271e-25   1.141e-25   -24.644   -24.943    -0.299     (0)  
Fe(2)         2.692e-06
   Fe+2            1.448e-06   7.513e-07    -5.839    -6.124    -0.285    -22.26
   FeHCO3+         1.111e-06   9.308e-07    -5.954    -6.031    -0.077     (0)  
   FeCO3           6.928e-08   6.990e-08    -7.159    -7.156     0.004     (0)  
   FeSO4           4.958e-08   5.002e-08    -7.305    -7.301     0.004     28.15
   FeCl+           1.299e-08   1.089e-08    -7.886    -7.963    -0.077     (0)  
   FeOH+           1.231e-09   1.036e-09    -8.910    -8.985    -0.075     (0)  
   FeHSO4+         4.850e-14   4.065e-14   -13.314   -13.391    -0.077     (0)  
   Fe(OH)2         3.457e-14   3.488e-14   -13.461   -13.457     0.004     (0)  
   Fe(OH)3-        1.129e-17   9.505e-18   -16.947   -17.022    -0.075     (0)  
Fe(3)         3.446e-12
   Fe(OH)2+        2.143e-12   1.810e-12   -11.669   -11.742    -0.073     (0)  
   Fe(OH)3         1.294e-12   1.305e-12   -11.888   -11.884     0.004     (0)  
   Fe(OH)4-        8.104e-15   6.846e-15   -14.091   -14.165    -0.073     (0)  
   FeOH+2          1.857e-15   9.333e-16   -14.731   -15.030    -0.299     (0)  
   FeSO4+          1.380e-19   1.162e-19   -18.860   -18.935    -0.075     (0)  
   Fe+3            1.067e-19   2.919e-20   -18.972   -19.535    -0.563     (0)  
   FeCl+2          1.429e-20   7.180e-21   -19.845   -20.144    -0.299     (0)  
   Fe(SO4)2-       1.274e-21   1.068e-21   -20.895   -20.971    -0.077     (0)  
   FeCl2+          5.156e-22   4.341e-22   -21.288   -21.362    -0.075     (0)  
   FeCl3           4.518e-25   4.558e-25   -24.345   -24.341     0.004     (0)  
   FeHSO4+2        8.039e-26   3.967e-26   -25.095   -25.402    -0.307     (0)  
   Fe2(OH)2+4      5.506e-28   3.264e-29   -27.259   -28.486    -1.227     (0)  
   Fe3(OH)4+5      2.137e-36   2.584e-38   -35.670   -37.588    -1.917     (0)  
H(0)          6.051e-17
   H2              3.025e-17   3.052e-17   -16.519   -16.515     0.004     28.61
K             7.714e-04
   K+              7.636e-04   6.351e-04    -3.117    -3.197    -0.080      8.86
   KSO4-           4.755e-06   4.085e-06    -5.323    -5.389    -0.066     13.45
   KHCO3           3.084e-06   3.086e-06    -5.511    -5.511     0.000     40.97
Li            2.600e-05
   Li+             2.595e-05   2.202e-05    -4.586    -4.657    -0.071     -1.03
   LiSO4-          4.949e-08   4.167e-08    -7.306    -7.380    -0.075     (0)  
Mg            8.821e-03
   Mg+2            7.758e-03   4.034e-03    -2.110    -2.394    -0.284    -21.11
   MgHCO3+         6.811e-04   5.685e-04    -3.167    -3.245    -0.079      5.33
   MgSO4           3.677e-04   3.743e-04    -3.434    -3.427     0.008    -10.92
   MgCO3           1.313e-05   1.324e-05    -4.882    -4.878     0.004    -17.08
   Mg(SO4)2-2      1.156e-06   6.199e-07    -5.937    -6.208    -0.271     12.59
   MgOH+           6.619e-08   5.639e-08    -7.179    -7.249    -0.070     (0)  
Mn(2)         5.053e-07
   Mn+2            2.660e-07   1.380e-07    -6.575    -6.860    -0.285    -19.12
   MnHCO3+         1.810e-07   1.524e-07    -6.742    -6.817    -0.075     (0)  
   MnCO3           4.215e-08   4.252e-08    -7.375    -7.371     0.004     (0)  
   MnSO4           9.051e-09   9.131e-09    -8.043    -8.039     0.004     26.42
   MnCl+           7.012e-09   5.904e-09    -8.154    -8.229    -0.075     -5.22
   MnCl2           2.682e-11   2.706e-11   -10.572   -10.568     0.004     96.63
   MnOH+           1.741e-11   1.466e-11   -10.759   -10.834    -0.075     (0)  
   MnCl3-          9.295e-14   7.826e-14   -13.032   -13.106    -0.075     43.86
   Mn(OH)3-        1.298e-21   1.093e-21   -20.887   -20.961    -0.075     (0)  
Mn(3)         3.054e-33
   Mn+3            3.054e-33   8.354e-34   -32.515   -33.078    -0.563     (0)  
Na            1.090e-02
   Na+             1.075e-02   9.045e-03    -1.969    -2.044    -0.075     -1.70
   NaHCO3          7.637e-05   7.774e-05    -4.117    -4.109     0.008     31.80
   NaSO4-          7.020e-05   5.934e-05    -4.154    -4.227    -0.073    -11.42
O(0)          0.000e+00
   O2              0.000e+00   0.000e+00   -61.939   -61.935     0.004     29.72
Pb            8.223e-08
   PbCO3           6.638e-08   6.697e-08    -7.178    -7.174     0.004     (0)  
   PbHCO3+         1.167e-08   9.779e-09    -7.933    -8.010    -0.077     (0)  
   Pb+2            2.014e-09   9.937e-10    -8.696    -9.003    -0.307    -15.04
   Pb(CO3)2-2      1.322e-09   6.525e-10    -8.879    -9.185    -0.307     (0)  
   PbCl+           4.063e-10   3.406e-10    -9.391    -9.468    -0.077      7.72
   PbSO4           2.401e-10   2.422e-10    -9.620    -9.616     0.004     (0)  
   PbOH+           1.835e-10   1.538e-10    -9.736    -9.813    -0.077     (0)  
   PbCl2           6.524e-12   6.582e-12   -11.185   -11.182     0.004     34.26
   Pb(SO4)2-2      1.117e-12   5.510e-13   -11.952   -12.259    -0.307     (0)  
   Pb(OH)2         4.705e-13   4.747e-13   -12.327   -12.324     0.004     (0)  
   PbCl3-          6.234e-14   5.225e-14   -13.205   -13.282    -0.077     65.02
   PbCl4-2         5.004e-16   2.469e-16   -15.301   -15.607    -0.307    100.49
   Pb(OH)3-        5.161e-17   4.325e-17   -16.287   -16.364    -0.077     (0)  
   Pb2OH+3         1.676e-17   3.420e-18   -16.776   -17.466    -0.690     (0)  
   Pb(OH)4-2       1.594e-21   7.864e-22   -20.798   -21.104    -0.307     (0)  
   Pb3(OH)4+2      3.127e-24   1.543e-24   -23.505   -23.812    -0.307     (0)  
S(6)          1.335e-03
   SO4-2           8.656e-04   4.335e-04    -3.063    -3.363    -0.300     19.69
   MgSO4           3.677e-04   3.743e-04    -3.434    -3.427     0.008    -10.92
   NaSO4-          7.020e-05   5.934e-05    -4.154    -4.227    -0.073    -11.42
   CaSO4           2.433e-05   2.454e-05    -4.614    -4.610     0.004      7.17
   KSO4-           4.755e-06   4.085e-06    -5.323    -5.389    -0.066     13.45
   Mg(SO4)2-2      1.156e-06   6.199e-07    -5.937    -6.208    -0.271     12.59
   SrSO4           2.665e-07   2.689e-07    -6.574    -6.570     0.004     23.91
   FeSO4           4.958e-08   5.002e-08    -7.305    -7.301     0.004     28.15
   LiSO4-          4.949e-08   4.167e-08    -7.306    -7.380    -0.075     (0)  
   BaSO4           1.970e-08   1.987e-08    -7.706    -7.702     0.004     (0)  
   ZnSO4           1.798e-08   1.814e-08    -7.745    -7.741     0.004     23.12
   MnSO4           9.051e-09   9.131e-09    -8.043    -8.039     0.004     26.42
   HSO4-           5.369e-09   4.500e-09    -8.270    -8.347    -0.077     39.81
   PbSO4           2.401e-10   2.422e-10    -9.620    -9.616     0.004     (0)  
   Zn(SO4)2-2      1.378e-10   6.798e-11    -9.861   -10.168    -0.307    -19.58
   CdSO4           7.149e-11   7.213e-11   -10.146   -10.142     0.004     82.37
   AlSO4+          3.101e-11   2.600e-11   -10.508   -10.585    -0.077     (0)  
   CaHSO4+         2.183e-11   1.829e-11   -10.661   -10.738    -0.077     (0)  
   Pb(SO4)2-2      1.117e-12   5.510e-13   -11.952   -12.259    -0.307     (0)  
   Cd(SO4)2-2      7.296e-13   3.600e-13   -12.137   -12.444    -0.307   -111.09
   Al(SO4)2-       4.096e-13   3.434e-13   -12.388   -12.464    -0.077     (0)  
   CuSO4           6.788e-14   6.848e-14   -13.168   -13.164     0.004     12.00
   FeHSO4+         4.850e-14   4.065e-14   -13.314   -13.391    -0.077     (0)  
   AlHSO4+2        5.535e-19   2.731e-19   -18.257   -18.564    -0.307     (0)  
   FeSO4+          1.380e-19   1.162e-19   -18.860   -18.935    -0.075     (0)  
   Fe(SO4)2-       1.274e-21   1.068e-21   -20.895   -20.971    -0.077     (0)  
   FeHSO4+2        8.039e-26   3.967e-26   -25.095   -25.402    -0.307     (0)  
Si            1.324e-03
   H4SiO4          1.323e-03   1.335e-03    -2.878    -2.875     0.004     52.81
   H3SiO4-         1.408e-06   1.175e-06    -5.851    -5.930    -0.079     27.88
   H2SiO4-2        7.323e-13   3.729e-13   -12.135   -12.428    -0.293     (0)  
Sr            7.697e-06
   Sr+2            6.824e-06   3.496e-06    -5.166    -5.456    -0.290    -17.20
   SrHCO3+         6.005e-07   5.073e-07    -6.221    -6.295    -0.073     (0)  
   SrSO4           2.665e-07   2.689e-07    -6.574    -6.570     0.004     23.91
   SrCO3           6.814e-09   6.875e-09    -8.167    -8.163     0.004    -14.16
   SrOH+           1.690e-12   1.423e-12   -11.772   -11.847    -0.075     (0)  
Zn            9.260e-07
   Zn+2            3.778e-07   1.899e-07    -6.423    -6.722    -0.299    -24.39
   ZnHCO3+         3.534e-07   2.962e-07    -6.452    -6.528    -0.077     (0)  
   ZnCO3           1.456e-07   1.469e-07    -6.837    -6.833     0.004     (0)  
   Zn(CO3)2-2      2.469e-08   1.218e-08    -7.607    -7.914    -0.307     (0)  
   ZnSO4           1.798e-08   1.814e-08    -7.745    -7.741     0.004     23.12
   ZnCl+           4.516e-09   3.769e-09    -8.345    -8.424    -0.079    -22.53
   ZnOH+           1.074e-09   8.999e-10    -8.969    -9.046    -0.077     (0)  
   ZnOHCl          5.193e-10   5.239e-10    -9.285    -9.281     0.004     (0)  
   Zn(OH)2         1.492e-10   1.505e-10    -9.826    -9.822     0.004     (0)  
   Zn(SO4)2-2      1.378e-10   6.798e-11    -9.861   -10.168    -0.307    -19.58
   ZnCl2           3.978e-11   4.013e-11   -10.400   -10.397     0.004    119.16
   ZnCl3-          5.399e-13   4.506e-13   -12.268   -12.346    -0.079     15.97
   Zn(OH)3-        4.508e-15   3.778e-15   -14.346   -14.423    -0.077     (0)  
   ZnCl4-2         4.429e-15   2.226e-15   -14.354   -14.653    -0.299    144.63
   Zn(OH)4-2       9.630e-21   4.752e-21   -20.016   -20.323    -0.307     (0)  

------------------------------Saturation indices-------------------------------

  Phase               SI** log IAP   log K(290 K,   1 atm)

  Al(OH)3(a)       -1.30     10.02   11.32  Al(OH)3
  Albite            1.27    -17.24  -18.51  NaAlSi3O8
  Alunite          -0.15     -0.56   -0.41  KAl3(SO4)2(OH)6
  Anglesite        -4.53    -12.37   -7.83  PbSO4
  Anhydrite        -2.64     -6.83   -4.19  CaSO4
  Anorthite        -2.43    -22.37  -19.94  CaAl2Si2O8
  Aragonite        -0.59     -8.88   -8.29  CaCO3
  Arcanite         -7.77     -9.76   -1.99  K2SO4
  Barite           -0.48    -10.40   -9.92  BaSO4
  Ca-Montmorillonite   5.93    -40.25  -46.18  Ca0.165Al2.33Si3.67O10(OH)2
  Calcite          -0.45     -8.88   -8.43  CaCO3
  Cd(OH)2          -9.07      4.58   13.65  Cd(OH)2
  CdSiO3           -7.68      1.71    9.39  CdSiO3
  CdSO4           -12.77    -12.58    0.19  CdSO4
  Celestite        -2.20     -8.82   -6.62  SrSO4
  Cerussite        -1.19    -14.41  -13.23  PbCO3
  Chalcedony        0.77     -2.87   -3.64  SiO2
  Chlorite(14A)    -2.91     68.45   71.36  Mg5Al2Si3O10(OH)8
  Chrysotile       -4.73     28.47   33.19  Mg3Si2O5(OH)4
  CO2(g)           -1.03     -2.40   -1.37  CO2
  Dolomite          0.28    -16.69  -16.96  CaMg(CO3)2
  Epsomite         -3.97     -5.76   -1.79  MgSO4:7H2O
  Fe(OH)3(a)       -3.73      1.16    4.89  Fe(OH)3
  Gibbsite          1.46     10.02    8.56  Al(OH)3
  Goethite          1.88      1.16   -0.71  FeOOH
  Gypsum           -2.25     -6.83   -4.59  CaSO4:2H2O
  H2(g)           -13.44    -16.52   -3.08  H2
  H2O(g)           -1.71     -0.00    1.71  H2O
  Halite           -5.59     -4.02    1.56  NaCl
  Hausmannite     -28.79     34.22   63.01  Mn3O4
  Hematite          5.73      2.33   -3.40  Fe2O3
  Hexahydrite      -4.18     -5.76   -1.58  MgSO4:6H2O
  Illite            5.36    -35.98  -41.34  K0.6Mg0.25Al2.3Si3.5O10(OH)2
  Jarosite-K      -18.54    -27.13   -8.59  KFe3(SO4)2(OH)6
  K-feldspar        2.78    -18.40  -21.18  KAlSi3O8
  K-mica           11.28     25.15   13.87  KAl3Si3O10(OH)2
  Kaolinite         6.17     14.30    8.13  Al2Si2O5(OH)4
  Kieserite        -4.54     -5.76   -1.22  MgSO4:H2O
  Manganite       -11.70     13.64   25.34  MnOOH
  Melanterite      -7.18     -9.49   -2.31  FeSO4:7H2O
  Mirabilite       -5.86     -7.45   -1.60  Na2SO4:10H2O
  O2(g)           -59.10    -61.93   -2.83  O2
  Otavite          -2.53    -14.63  -12.10  CdCO3
  Pb(OH)2          -3.63      4.80    8.43  Pb(OH)2
  Pyrochroite      -8.26      6.94   15.20  Mn(OH)2
  Pyrolusite      -22.32     20.34   42.66  MnO2:H2O
  Quartz            1.22     -2.87   -4.10  SiO2
  Rhodochrosite    -1.17    -12.27  -11.10  MnCO3
  Sepiolite        -1.78     14.19   15.97  Mg2Si3O7.5OH:3H2O
  Sepiolite(d)     -4.47     14.19   18.66  Mg2Si3O7.5OH:3H2O
  Siderite         -0.69    -11.54  -10.84  FeCO3
  SiO2(a)          -0.10     -2.87   -2.78  SiO2
  Smithsonite      -2.22    -12.13   -9.91  ZnCO3
  Strontianite     -1.60    -10.87   -9.27  SrCO3
  Sylvite          -6.04     -5.18    0.86  KCl
  Talc              0.41     22.72   22.31  Mg3Si4O10(OH)2
  Thenardite       -7.19     -7.45   -0.26  Na2SO4
  Willemite        -4.70     11.28   15.99  Zn2SiO4
  Witherite        -3.86    -12.45   -8.59  BaCO3
  Zn(OH)2(e)       -4.42      7.08   11.50  Zn(OH)2

**For a gas, SI = log10(fugacity). Fugacity = pressure * phi / 1 atm.
  For ideal gases, phi = 1.

------------------
End of simulation.
------------------

------------------------------------
Reading input data for simulation 2.
------------------------------------

------------------------------
End of Run after 0.01 Seconds.
------------------------------

