   Input file: simulacion.in
  Output file: salida.out
Database file: phreeqc.dat

------------------
Reading data base.
------------------

	SOLUTION_MASTER_SPECIES
	SOLUTION_SPECIES
	PHASES
	GAS_BINARY_PARAMETERS
	EXCHANGE_MASTER_SPECIES
	EXCHANGE_SPECIES
	SURFACE_MASTER_SPECIES
	SURFACE_SPECIES
	MEAN_GAMMAS
	RATES
	END
------------------------------------
Reading input data for simulation 1.
------------------------------------

	TITLE Efecto del Aumento de CO2 atmosferico sobre el oceano
	SELECTED_OUTPUT 1
	    file                 resultados_co2.csv
	    reset                false
	    state                true
	    ph                   true
	    si                   calcite aragonite
	    molalities           CO2 HCO3- CO3-2
	SOLUTION 1 Agua de mar estandar simplificada
	    temp      25
	    pH        8.22
	    pe        8.45
	    units     ppm
	    density   1.023
	    Ca        412.3
	    Mg        1290.0
	    Na        10768.0
	    K         399.1
	    Cl        19353.0
	    Alkalinity 141.68 as HCO3
	    S(6)      2712.0
	END
-----
TITLE
-----

 Efecto del Aumento de CO2 atmosferico sobre el oceano

-------------------------------------------
Beginning of initial solution calculations.
-------------------------------------------

Initial solution 1.	Agua de mar estandar simplificada

-----------------------------Solution composition------------------------------

	Elements           Molality       Moles

	Alkalinity        2.406e-03   2.406e-03
	Ca                1.066e-02   1.066e-02
	Cl                5.657e-01   5.657e-01
	K                 1.058e-02   1.058e-02
	Mg                5.499e-02   5.499e-02
	Na                4.854e-01   4.854e-01
	S(6)              2.926e-02   2.926e-02

----------------------------Description of solution----------------------------

                                       pH  =   8.220    
                                       pe  =   8.450    
      Specific Conductance (µS/cm,  25°C)  = 52855
                          Density (g/cm³)  =   1.02327
                               Volume (L)  =   1.01278
                        Viscosity (mPa s)  =   0.96026
                        Activity of water  =   0.981
                 Ionic strength (mol/kgw)  =   6.703e-01
                       Mass of water (kg)  =   1.000e+00
                    Total carbon (mol/kg)  =   2.241e-03
                       Total CO2 (mol/kg)  =   2.241e-03
                         Temperature (°C)  =  25.00
                  Electrical balance (eq)  =   6.432e-04
 Percent error, 100*(Cat-|An|)/(Cat+|An|)  =   0.05
                               Iterations  =   8
                                  Total H  = 1.110145e+02
                                  Total O  = 5.562997e+01

----------------------------Distribution of species----------------------------

                                               Log       Log       Log    mole V
   Species          Molality    Activity  Molality  Activity     Gamma   cm³/mol

   OH-             2.703e-06   1.647e-06    -5.568    -5.783    -0.215     -2.64
   H+              7.981e-09   6.026e-09    -8.098    -8.220    -0.122      0.00
   H2O             5.551e+01   9.806e-01     1.744    -0.008     0.000     18.07
C(4)          2.241e-03
   HCO3-           1.543e-03   1.043e-03    -2.811    -2.982    -0.170     25.99
   MgHCO3+         2.783e-04   1.751e-04    -3.555    -3.757    -0.201      5.82
   NaHCO3          2.256e-04   3.071e-04    -3.647    -3.513     0.134     31.73
   MgCO3           9.526e-05   1.112e-04    -4.021    -3.954     0.067    -17.09
   CO3-2           3.895e-05   8.117e-06    -4.410    -5.091    -0.681     -0.52
   CaCO3           2.913e-05   3.399e-05    -4.536    -4.469     0.067    -14.60
   CaHCO3+         1.449e-05   1.003e-05    -4.839    -4.999    -0.160    122.92
   CO2             1.301e-05   1.441e-05    -4.886    -4.841     0.044     34.43
   KHCO3           2.974e-06   3.018e-06    -5.527    -5.520     0.006     41.03
   (CO2)2          3.265e-12   3.810e-12   -11.486   -11.419     0.067     68.87
Ca            1.066e-02
   Ca+2            9.963e-03   2.493e-03    -2.002    -2.603    -0.602    -16.70
   CaSO4           6.539e-04   7.630e-04    -3.184    -3.117     0.067      7.50
   CaCO3           2.913e-05   3.399e-05    -4.536    -4.469     0.067    -14.60
   CaHCO3+         1.449e-05   1.003e-05    -4.839    -4.999    -0.160    122.92
   CaOH+           9.020e-08   6.732e-08    -7.045    -7.172    -0.127     (0)  
   CaHSO4+         4.049e-11   3.022e-11   -10.393   -10.520    -0.127     (0)  
Cl            5.657e-01
   Cl-             5.657e-01   3.570e-01    -0.247    -0.447    -0.200     18.79
   HCl             3.843e-10   7.411e-10    -9.415    -9.130     0.285     (0)  
H(0)          5.546e-37
   H2              2.773e-37   3.236e-37   -36.557   -36.490     0.067     28.61
K             1.058e-02
   K+              1.039e-02   6.478e-03    -1.983    -2.189    -0.205      9.66
   KSO4-           1.873e-04   1.697e-04    -3.727    -3.770    -0.043     11.35
   KHCO3           2.974e-06   3.018e-06    -5.527    -5.520     0.006     41.03
Mg            5.499e-02
   Mg+2            4.972e-02   1.435e-02    -1.303    -1.843    -0.540    -20.42
   MgSO4           4.751e-03   6.469e-03    -2.323    -2.189     0.134     -7.92
   MgHCO3+         2.783e-04   1.751e-04    -3.555    -3.757    -0.201      5.82
   Mg(SO4)2-2      1.295e-04   3.668e-05    -3.888    -4.436    -0.548     32.91
   MgCO3           9.526e-05   1.112e-04    -4.021    -3.954     0.067    -17.09
   MgOH+           1.203e-05   8.480e-06    -4.920    -5.072    -0.152     (0)  
Na            4.854e-01
   Na+             4.712e-01   3.381e-01    -0.327    -0.471    -0.144     -0.51
   NaSO4-          1.396e-02   9.475e-03    -1.855    -2.023    -0.168      8.21
   NaHCO3          2.256e-04   3.071e-04    -3.647    -3.513     0.134     31.73
O(0)          6.562e-20
   O2              3.281e-20   3.828e-20   -19.484   -19.417     0.067     30.40
S(6)          2.926e-02
   NaSO4-          1.396e-02   9.475e-03    -1.855    -2.023    -0.168      8.21
   SO4-2           9.442e-03   1.721e-03    -2.025    -2.764    -0.739     38.41
   MgSO4           4.751e-03   6.469e-03    -2.323    -2.189     0.134     -7.92
   CaSO4           6.539e-04   7.630e-04    -3.184    -3.117     0.067      7.50
   KSO4-           1.873e-04   1.697e-04    -3.727    -3.770    -0.043     11.35
   Mg(SO4)2-2      1.295e-04   3.668e-05    -3.888    -4.436    -0.548     32.91
   HSO4-           1.351e-09   1.008e-09    -8.869    -8.996    -0.127     40.96
   CaHSO4+         4.049e-11   3.022e-11   -10.393   -10.520    -0.127     (0)  

------------------------------Saturation indices-------------------------------

  Phase               SI** log IAP   log K(298 K,   1 atm)

  Anhydrite        -1.09     -5.37   -4.28  CaSO4
  Aragonite         0.64     -7.69   -8.34  CaCO3
  Arcanite         -5.26     -7.14   -1.88  K2SO4
  Calcite           0.79     -7.69   -8.48  CaCO3
  CO2(g)           -3.37     -4.84   -1.47  CO2
  Dolomite          2.46    -14.63  -17.08  CaMg(CO3)2
  Epsomite         -2.93     -4.67   -1.74  MgSO4:7H2O
  Gypsum           -0.80     -5.38   -4.58  CaSO4:2H2O
  H2(g)           -33.39    -36.49   -3.10  H2
  H2O(g)           -1.51     -0.01    1.50  H2O
  Halite           -2.49     -0.92    1.57  NaCl
  Hexahydrite      -3.09     -4.66   -1.57  MgSO4:6H2O
  Kieserite        -3.45     -4.62   -1.16  MgSO4:H2O
  Mirabilite       -2.55     -3.79   -1.24  Na2SO4:10H2O
  O2(g)           -16.52    -19.42   -2.89  O2
  Sylvite          -3.54     -2.64    0.90  KCl
  Thenardite       -3.41     -3.71   -0.30  Na2SO4

**For a gas, SI = log10(fugacity). Fugacity = pressure * phi / 1 atm.
  For ideal gases, phi = 1.

------------------
End of simulation.
------------------

------------------------------------
Reading input data for simulation 2.
------------------------------------

	USE solution 1
	EQUILIBRIUM_PHASES 1
	    CO2(g) -3.5 10
	END
-----------------------------------------
Beginning of batch-reaction calculations.
-----------------------------------------

Reaction step 1.

Using solution 1.	Agua de mar estandar simplificada
Using pure phase assemblage 1.	

-------------------------------Phase assemblage--------------------------------

                                                      Moles in assemblage
Phase               SI  log IAP  log K(T, P)   Initial       Final       Delta

CO2(g)           -3.50    -4.97     -1.47    1.000e+01   1.000e+01   4.600e-05

-----------------------------Solution composition------------------------------

	Elements           Molality       Moles

	C                 2.195e-03   2.195e-03
	Ca                1.066e-02   1.066e-02
	Cl                5.657e-01   5.657e-01
	K                 1.058e-02   1.058e-02
	Mg                5.499e-02   5.499e-02
	Na                4.854e-01   4.854e-01
	S                 2.926e-02   2.926e-02

----------------------------Description of solution----------------------------

                                       pH  =   8.329      Charge balance
                                       pe  =   9.539      Adjusted to redox equilibrium
      Specific Conductance (µS/cm,  25°C)  = 52854
                          Density (g/cm³)  =   1.02327
                               Volume (L)  =   1.01277
                        Viscosity (mPa s)  =   0.96022
                        Activity of water  =   0.981
                 Ionic strength (mol/kgw)  =   6.702e-01
                       Mass of water (kg)  =   1.000e+00
                 Total alkalinity (eq/kg)  =   2.406e-03
                       Total CO2 (mol/kg)  =   2.195e-03
                         Temperature (°C)  =  25.00
                  Electrical balance (eq)  =   6.432e-04
 Percent error, 100*(Cat-|An|)/(Cat+|An|)  =   0.05
                               Iterations  =  10
                                  Total H  = 1.110145e+02
                                  Total O  = 5.562988e+01

----------------------------Distribution of species----------------------------

                                               Log       Log       Log    mole V
   Species          Molality    Activity  Molality  Activity     Gamma   cm³/mol

   OH-             3.477e-06   2.119e-06    -5.459    -5.674    -0.215     -2.64
   H+              6.205e-09   4.684e-09    -8.207    -8.329    -0.122      0.00
   H2O             5.551e+01   9.806e-01     1.744    -0.008     0.000     18.07
C(-4)         0.000e+00
   CH4             0.000e+00   0.000e+00  -123.572  -123.505     0.067     35.46
C(4)          2.195e-03
   HCO3-           1.483e-03   1.002e-03    -2.829    -2.999    -0.170     25.99
   MgHCO3+         2.673e-04   1.682e-04    -3.573    -3.774    -0.201      5.82
   NaHCO3          2.167e-04   2.951e-04    -3.664    -3.530     0.134     31.73
   MgCO3           1.177e-04   1.373e-04    -3.929    -3.862     0.067    -17.09
   CO3-2           4.813e-05   1.003e-05    -4.318    -4.999    -0.681     -0.52
   CaCO3           3.597e-05   4.198e-05    -4.444    -4.377     0.067    -14.60
   CaHCO3+         1.391e-05   9.627e-06    -4.857    -5.016    -0.160    122.92
   CO2             9.719e-06   1.076e-05    -5.012    -4.968     0.044     34.43
   KHCO3           2.858e-06   2.899e-06    -5.544    -5.538     0.006     41.03
   (CO2)2          1.821e-12   2.125e-12   -11.740   -11.673     0.067     68.87
Ca            1.066e-02
   Ca+2            9.957e-03   2.491e-03    -2.002    -2.604    -0.602    -16.70
   CaSO4           6.536e-04   7.626e-04    -3.185    -3.118     0.067      7.50
   CaCO3           3.597e-05   4.198e-05    -4.444    -4.377     0.067    -14.60
   CaHCO3+         1.391e-05   9.627e-06    -4.857    -5.016    -0.160    122.92
   CaOH+           1.160e-07   8.655e-08    -6.936    -7.063    -0.127     (0)  
   CaHSO4+         3.146e-11   2.348e-11   -10.502   -10.629    -0.127     (0)  
Cl            5.657e-01
   Cl-             5.657e-01   3.570e-01    -0.247    -0.447    -0.200     18.79
   HCl             2.987e-10   5.761e-10    -9.525    -9.239     0.285     (0)  
H(0)          2.229e-39
   H2              1.114e-39   1.300e-39   -38.953   -38.886     0.067     28.61
K             1.058e-02
   K+              1.039e-02   6.478e-03    -1.983    -2.189    -0.205      9.66
   KSO4-           1.873e-04   1.697e-04    -3.727    -3.770    -0.043     11.35
   KHCO3           2.858e-06   2.899e-06    -5.544    -5.538     0.006     41.03
Mg            5.499e-02
   Mg+2            4.971e-02   1.435e-02    -1.304    -1.843    -0.540    -20.42
   MgSO4           4.750e-03   6.467e-03    -2.323    -2.189     0.134     -7.92
   MgHCO3+         2.673e-04   1.682e-04    -3.573    -3.774    -0.201      5.82
   Mg(SO4)2-2      1.295e-04   3.667e-05    -3.888    -4.436    -0.548     32.91
   MgCO3           1.177e-04   1.373e-04    -3.929    -3.862     0.067    -17.09
   MgOH+           1.547e-05   1.091e-05    -4.810    -4.962    -0.152     (0)  
Na            4.854e-01
   Na+             4.712e-01   3.381e-01    -0.327    -0.471    -0.144     -0.51
   NaSO4-          1.397e-02   9.476e-03    -1.855    -2.023    -0.168      8.21
   NaHCO3          2.167e-04   2.951e-04    -3.664    -3.530     0.134     31.73
O(0)          4.063e-15
   O2              2.032e-15   2.371e-15   -14.692   -14.625     0.067     30.40
S(-2)         0.000e+00
   HS-             0.000e+00   0.000e+00  -120.138  -120.353    -0.215     21.35
   H2S             0.000e+00   0.000e+00  -121.808  -121.741     0.067     36.27
   S-2             0.000e+00   0.000e+00  -124.229  -124.942    -0.712     (0)  
   (H2S)2          0.000e+00   0.000e+00  -244.827  -244.760     0.067     30.09
S(6)          2.926e-02
   NaSO4-          1.397e-02   9.476e-03    -1.855    -2.023    -0.168      8.21
   SO4-2           9.442e-03   1.722e-03    -2.025    -2.764    -0.739     38.41
   MgSO4           4.750e-03   6.467e-03    -2.323    -2.189     0.134     -7.92
   CaSO4           6.536e-04   7.626e-04    -3.185    -3.118     0.067      7.50
   KSO4-           1.873e-04   1.697e-04    -3.727    -3.770    -0.043     11.35
   Mg(SO4)2-2      1.295e-04   3.667e-05    -3.888    -4.436    -0.548     32.91
   HSO4-           1.050e-09   7.841e-10    -8.979    -9.106    -0.127     40.96
   CaHSO4+         3.146e-11   2.348e-11   -10.502   -10.629    -0.127     (0)  

------------------------------Saturation indices-------------------------------

  Phase               SI** log IAP   log K(298 K,   1 atm)

  Anhydrite        -1.09     -5.37   -4.28  CaSO4
  Aragonite         0.73     -7.60   -8.34  CaCO3
  Arcanite         -5.26     -7.14   -1.88  K2SO4
  Calcite           0.88     -7.60   -8.48  CaCO3
  CH4(g)         -120.70   -123.50   -2.80  CH4
  CO2(g)           -3.50     -4.97   -1.47  CO2	 Pressure   0.0 atm, phi 1.000
  Dolomite          2.64    -14.44  -17.08  CaMg(CO3)2
  Epsomite         -2.93     -4.67   -1.74  MgSO4:7H2O
  Gypsum           -0.80     -5.38   -4.58  CaSO4:2H2O
  H2(g)           -35.78    -38.89   -3.10  H2
  H2O(g)           -1.51     -0.01    1.50  H2O
  H2S(g)         -120.75   -128.68   -7.94  H2S
  Halite           -2.49     -0.92    1.57  NaCl
  Hexahydrite      -3.09     -4.66   -1.57  MgSO4:6H2O
  Kieserite        -3.45     -4.62   -1.16  MgSO4:H2O
  Mirabilite       -2.55     -3.79   -1.24  Na2SO4:10H2O
  O2(g)           -11.73    -14.63   -2.89  O2
  Sulfur          -90.89    -86.00    4.88  S
  Sylvite          -3.54     -2.64    0.90  KCl
  Thenardite       -3.41     -3.71   -0.30  Na2SO4

**For a gas, SI = log10(fugacity). Fugacity = pressure * phi / 1 atm.
  For ideal gases, phi = 1.

------------------
End of simulation.
------------------

------------------------------------
Reading input data for simulation 3.
------------------------------------

	USE solution 1
	EQUILIBRIUM_PHASES 2
	    CO2(g) -3.25 10
	END
-----------------------------------------
Beginning of batch-reaction calculations.
-----------------------------------------

Reaction step 1.

Using solution 1.	Agua de mar estandar simplificada
Using pure phase assemblage 2.	

-------------------------------Phase assemblage--------------------------------

                                                      Moles in assemblage
Phase               SI  log IAP  log K(T, P)   Initial       Final       Delta

CO2(g)           -3.25    -4.72     -1.47    1.000e+01   1.000e+01  -3.972e-05

-----------------------------Solution composition------------------------------

	Elements           Molality       Moles

	C                 2.281e-03   2.281e-03
	Ca                1.066e-02   1.066e-02
	Cl                5.657e-01   5.657e-01
	K                 1.058e-02   1.058e-02
	Mg                5.499e-02   5.499e-02
	Na                4.854e-01   4.854e-01
	S                 2.926e-02   2.926e-02

----------------------------Description of solution----------------------------

                                       pH  =   8.111      Charge balance
                                       pe  =   9.756      Adjusted to redox equilibrium
      Specific Conductance (µS/cm,  25°C)  = 52855
                          Density (g/cm³)  =   1.02327
                               Volume (L)  =   1.01278
                        Viscosity (mPa s)  =   0.96031
                        Activity of water  =   0.981
                 Ionic strength (mol/kgw)  =   6.703e-01
                       Mass of water (kg)  =   1.000e+00
                 Total alkalinity (eq/kg)  =   2.406e-03
                       Total CO2 (mol/kg)  =   2.281e-03
                         Temperature (°C)  =  25.00
                  Electrical balance (eq)  =   6.432e-04
 Percent error, 100*(Cat-|An|)/(Cat+|An|)  =   0.05
                               Iterations  =  10
                                  Total H  = 1.110145e+02
                                  Total O  = 5.563005e+01

----------------------------Distribution of species----------------------------

                                               Log       Log       Log    mole V
   Species          Molality    Activity  Molality  Activity     Gamma   cm³/mol

   OH-             2.102e-06   1.281e-06    -5.677    -5.893    -0.215     -2.64
   H+              1.026e-08   7.749e-09    -7.989    -8.111    -0.122      0.00
   H2O             5.551e+01   9.806e-01     1.744    -0.008     0.000     18.07
C(-4)         0.000e+00
   CH4             0.000e+00   0.000e+00  -123.308  -123.241     0.067     35.46
C(4)          2.281e-03
   HCO3-           1.594e-03   1.077e-03    -2.798    -2.968    -0.170     25.99
   MgHCO3+         2.875e-04   1.809e-04    -3.541    -3.743    -0.201      5.82
   NaHCO3          2.329e-04   3.172e-04    -3.633    -3.499     0.134     31.73
   MgCO3           7.651e-05   8.928e-05    -4.116    -4.049     0.067    -17.09
   CO3-2           3.127e-05   6.517e-06    -4.505    -5.186    -0.681     -0.52
   CaCO3           2.340e-05   2.730e-05    -4.631    -4.564     0.067    -14.60
   CO2             1.728e-05   1.914e-05    -4.762    -4.718     0.044     34.43
   CaHCO3+         1.497e-05   1.036e-05    -4.825    -4.985    -0.160    122.92
   KHCO3           3.072e-06   3.117e-06    -5.513    -5.506     0.006     41.03
   (CO2)2          5.760e-12   6.721e-12   -11.240   -11.173     0.067     68.87
Ca            1.066e-02
   Ca+2            9.968e-03   2.494e-03    -2.001    -2.603    -0.602    -16.70
   CaSO4           6.542e-04   7.634e-04    -3.184    -3.117     0.067      7.50
   CaCO3           2.340e-05   2.730e-05    -4.631    -4.564     0.067    -14.60
   CaHCO3+         1.497e-05   1.036e-05    -4.825    -4.985    -0.160    122.92
   CaOH+           7.017e-08   5.237e-08    -7.154    -7.281    -0.127     (0)  
   CaHSO4+         5.210e-11   3.889e-11   -10.283   -10.410    -0.127     (0)  
Cl            5.657e-01
   Cl-             5.657e-01   3.570e-01    -0.247    -0.447    -0.200     18.79
   HCl             4.942e-10   9.531e-10    -9.306    -9.021     0.285     (0)  
H(0)          2.246e-39
   H2              1.123e-39   1.310e-39   -38.950   -38.883     0.067     28.61
K             1.058e-02
   K+              1.039e-02   6.478e-03    -1.983    -2.189    -0.205      9.66
   KSO4-           1.873e-04   1.697e-04    -3.727    -3.770    -0.043     11.35
   KHCO3           3.072e-06   3.117e-06    -5.513    -5.506     0.006     41.03
Mg            5.499e-02
   Mg+2            4.973e-02   1.435e-02    -1.303    -1.843    -0.540    -20.42
   MgSO4           4.752e-03   6.470e-03    -2.323    -2.189     0.134     -7.92
   MgHCO3+         2.875e-04   1.809e-04    -3.541    -3.743    -0.201      5.82
   Mg(SO4)2-2      1.295e-04   3.668e-05    -3.888    -4.436    -0.548     32.91
   MgCO3           7.651e-05   8.928e-05    -4.116    -4.049     0.067    -17.09
   MgOH+           9.358e-06   6.595e-06    -5.029    -5.181    -0.152     (0)  
Na            4.854e-01
   Na+             4.712e-01   3.381e-01    -0.327    -0.471    -0.144     -0.51
   NaSO4-          1.396e-02   9.475e-03    -1.855    -2.023    -0.168      8.21
   NaHCO3          2.329e-04   3.172e-04    -3.633    -3.499     0.134     31.73
O(0)          4.002e-15
   O2              2.001e-15   2.335e-15   -14.699   -14.632     0.067     30.40
S(-2)         0.000e+00
   HS-             0.000e+00   0.000e+00  -119.906  -120.121    -0.215     21.35
   H2S             0.000e+00   0.000e+00  -121.357  -121.290     0.067     36.27
   S-2             0.000e+00   0.000e+00  -124.216  -124.929    -0.712     (0)  
   (H2S)2          0.000e+00   0.000e+00  -243.926  -243.859     0.067     30.09
S(6)          2.926e-02
   NaSO4-          1.396e-02   9.475e-03    -1.855    -2.023    -0.168      8.21
   SO4-2           9.442e-03   1.721e-03    -2.025    -2.764    -0.739     38.41
   MgSO4           4.752e-03   6.470e-03    -2.323    -2.189     0.134     -7.92
   CaSO4           6.542e-04   7.634e-04    -3.184    -3.117     0.067      7.50
   KSO4-           1.873e-04   1.697e-04    -3.727    -3.770    -0.043     11.35
   Mg(SO4)2-2      1.295e-04   3.668e-05    -3.888    -4.436    -0.548     32.91
   HSO4-           1.738e-09   1.297e-09    -8.760    -8.887    -0.127     40.96
   CaHSO4+         5.210e-11   3.889e-11   -10.283   -10.410    -0.127     (0)  

------------------------------Saturation indices-------------------------------

  Phase               SI** log IAP   log K(298 K,   1 atm)

  Anhydrite        -1.09     -5.37   -4.28  CaSO4
  Aragonite         0.55     -7.79   -8.34  CaCO3
  Arcanite         -5.26     -7.14   -1.88  K2SO4
  Calcite           0.69     -7.79   -8.48  CaCO3
  CH4(g)         -120.44   -123.24   -2.80  CH4
  CO2(g)           -3.25     -4.72   -1.47  CO2	 Pressure   0.0 atm, phi 1.000
  Dolomite          2.27    -14.82  -17.08  CaMg(CO3)2
  Epsomite         -2.93     -4.67   -1.74  MgSO4:7H2O
  Gypsum           -0.80     -5.38   -4.58  CaSO4:2H2O
  H2(g)           -35.78    -38.88   -3.10  H2
  H2O(g)           -1.51     -0.01    1.50  H2O
  H2S(g)         -120.30   -128.23   -7.94  H2S
  Halite           -2.49     -0.92    1.57  NaCl
  Hexahydrite      -3.09     -4.66   -1.57  MgSO4:6H2O
  Kieserite        -3.45     -4.62   -1.16  MgSO4:H2O
  Mirabilite       -2.55     -3.79   -1.24  Na2SO4:10H2O
  O2(g)           -11.74    -14.63   -2.89  O2
  Sulfur          -90.44    -85.56    4.88  S
  Sylvite          -3.54     -2.64    0.90  KCl
  Thenardite       -3.41     -3.71   -0.30  Na2SO4

**For a gas, SI = log10(fugacity). Fugacity = pressure * phi / 1 atm.
  For ideal gases, phi = 1.

------------------
End of simulation.
------------------

------------------------------------
Reading input data for simulation 4.
------------------------------------

	USE solution 1
	EQUILIBRIUM_PHASES 3
	    CO2(g) -3.0 10
	END
-----------------------------------------
Beginning of batch-reaction calculations.
-----------------------------------------

Reaction step 1.

Using solution 1.	Agua de mar estandar simplificada
Using pure phase assemblage 3.	

-------------------------------Phase assemblage--------------------------------

                                                      Moles in assemblage
Phase               SI  log IAP  log K(T, P)   Initial       Final       Delta

CO2(g)           -3.00    -4.47     -1.47    1.000e+01   1.000e+01  -1.079e-04

-----------------------------Solution composition------------------------------

	Elements           Molality       Moles

	C                 2.349e-03   2.349e-03
	Ca                1.066e-02   1.066e-02
	Cl                5.657e-01   5.657e-01
	K                 1.058e-02   1.058e-02
	Mg                5.499e-02   5.499e-02
	Na                4.854e-01   4.854e-01
	S                 2.926e-02   2.926e-02

----------------------------Description of solution----------------------------

                                       pH  =   7.882      Charge balance
                                       pe  =   9.984      Adjusted to redox equilibrium
      Specific Conductance (µS/cm,  25°C)  = 52855
                          Density (g/cm³)  =   1.02327
                               Volume (L)  =   1.01278
                        Viscosity (mPa s)  =   0.96037
                        Activity of water  =   0.981
                 Ionic strength (mol/kgw)  =   6.704e-01
                       Mass of water (kg)  =   1.000e+00
                 Total alkalinity (eq/kg)  =   2.406e-03
                       Total CO2 (mol/kg)  =   2.349e-03
                         Temperature (°C)  =  25.00
                  Electrical balance (eq)  =   6.432e-04
 Percent error, 100*(Cat-|An|)/(Cat+|An|)  =   0.05
                               Iterations  =  11
                                  Total H  = 1.110145e+02
                                  Total O  = 5.563019e+01

----------------------------Distribution of species----------------------------

                                               Log       Log       Log    mole V
   Species          Molality    Activity  Molality  Activity     Gamma   cm³/mol

   OH-             1.240e-06   7.556e-07    -5.907    -6.122    -0.215     -2.64
   H+              1.740e-08   1.314e-08    -7.759    -7.882    -0.122      0.00
   H2O             5.551e+01   9.806e-01     1.744    -0.008     0.000     18.07
C(-4)         0.000e+00
   CH4             0.000e+00   0.000e+00  -123.051  -122.984     0.067     35.46
C(4)          2.349e-03
   HCO3-           1.672e-03   1.130e-03    -2.777    -2.947    -0.170     25.99
   MgHCO3+         3.017e-04   1.898e-04    -3.520    -3.722    -0.201      5.82
   NaHCO3          2.443e-04   3.327e-04    -3.612    -3.478     0.134     31.73
   MgCO3           4.736e-05   5.527e-05    -4.325    -4.258     0.067    -17.09
   CO2             3.073e-05   3.403e-05    -4.512    -4.468     0.044     34.43
   CO3-2           1.935e-05   4.033e-06    -4.713    -5.394    -0.681     -0.52
   CaHCO3+         1.571e-05   1.088e-05    -4.804    -4.964    -0.160    122.92
   CaCO3           1.449e-05   1.691e-05    -4.839    -4.772     0.067    -14.60
   KHCO3           3.222e-06   3.269e-06    -5.492    -5.486     0.006     41.03
   (CO2)2          1.821e-11   2.125e-11   -10.740   -10.673     0.067     68.87
Ca            1.066e-02
   Ca+2            9.976e-03   2.496e-03    -2.001    -2.603    -0.602    -16.70
   CaSO4           6.546e-04   7.639e-04    -3.184    -3.117     0.067      7.50
   CaHCO3+         1.571e-05   1.088e-05    -4.804    -4.964    -0.160    122.92
   CaCO3           1.449e-05   1.691e-05    -4.839    -4.772     0.067    -14.60
   CaOH+           4.142e-08   3.092e-08    -7.383    -7.510    -0.127     (0)  
   CaHSO4+         8.837e-11   6.596e-11   -10.054   -10.181    -0.127     (0)  
Cl            5.657e-01
   Cl-             5.657e-01   3.570e-01    -0.247    -0.447    -0.200     18.79
   HCl             8.376e-10   1.616e-09    -9.077    -8.792     0.285     (0)  
H(0)          2.256e-39
   H2              1.128e-39   1.316e-39   -38.948   -38.881     0.067     28.61
K             1.058e-02
   K+              1.039e-02   6.478e-03    -1.984    -2.189    -0.205      9.66
   KSO4-           1.873e-04   1.697e-04    -3.728    -3.770    -0.043     11.35
   KHCO3           3.222e-06   3.269e-06    -5.492    -5.486     0.006     41.03
Mg            5.499e-02
   Mg+2            4.975e-02   1.436e-02    -1.303    -1.843    -0.540    -20.42
   MgSO4           4.753e-03   6.472e-03    -2.323    -2.189     0.134     -7.92
   MgHCO3+         3.017e-04   1.898e-04    -3.520    -3.722    -0.201      5.82
   Mg(SO4)2-2      1.296e-04   3.669e-05    -3.888    -4.435    -0.548     32.91
   MgCO3           4.736e-05   5.527e-05    -4.325    -4.258     0.067    -17.09
   MgOH+           5.522e-06   3.892e-06    -5.258    -5.410    -0.152     (0)  
Na            4.854e-01
   Na+             4.712e-01   3.381e-01    -0.327    -0.471    -0.144     -0.51
   NaSO4-          1.396e-02   9.474e-03    -1.855    -2.023    -0.168      8.22
   NaHCO3          2.443e-04   3.327e-04    -3.612    -3.478     0.134     31.73
O(0)          3.966e-15
   O2              1.983e-15   2.314e-15   -14.703   -14.636     0.067     30.40
S(-2)         0.000e+00
   HS-             0.000e+00   0.000e+00  -119.669  -119.884    -0.215     21.35
   H2S             0.000e+00   0.000e+00  -120.891  -120.824     0.067     36.27
   S-2             0.000e+00   0.000e+00  -124.209  -124.921    -0.712     (0)  
   (H2S)2          0.000e+00   0.000e+00  -242.994  -242.927     0.067     30.09
S(6)          2.926e-02
   NaSO4-          1.396e-02   9.474e-03    -1.855    -2.023    -0.168      8.22
   SO4-2           9.441e-03   1.721e-03    -2.025    -2.764    -0.739     38.41
   MgSO4           4.753e-03   6.472e-03    -2.323    -2.189     0.134     -7.92
   CaSO4           6.546e-04   7.639e-04    -3.184    -3.117     0.067      7.50
   KSO4-           1.873e-04   1.697e-04    -3.728    -3.770    -0.043     11.35
   Mg(SO4)2-2      1.296e-04   3.669e-05    -3.888    -4.435    -0.548     32.91
   HSO4-           2.945e-09   2.198e-09    -8.531    -8.658    -0.127     40.96
   CaHSO4+         8.837e-11   6.596e-11   -10.054   -10.181    -0.127     (0)  

------------------------------Saturation indices-------------------------------

  Phase               SI** log IAP   log K(298 K,   1 atm)

  Anhydrite        -1.09     -5.37   -4.28  CaSO4
  Aragonite         0.34     -8.00   -8.34  CaCO3
  Arcanite         -5.26     -7.14   -1.88  K2SO4
  Calcite           0.48     -8.00   -8.48  CaCO3
  CH4(g)         -120.18   -122.98   -2.80  CH4
  CO2(g)           -3.00     -4.47   -1.47  CO2	 Pressure   0.0 atm, phi 1.000
  Dolomite          1.85    -15.23  -17.08  CaMg(CO3)2
  Epsomite         -2.93     -4.67   -1.74  MgSO4:7H2O
  Gypsum           -0.80     -5.38   -4.58  CaSO4:2H2O
  H2(g)           -35.78    -38.88   -3.10  H2
  H2O(g)           -1.51     -0.01    1.50  H2O
  H2S(g)         -119.83   -127.77   -7.94  H2S
  Halite           -2.49     -0.92    1.57  NaCl
  Hexahydrite      -3.09     -4.66   -1.57  MgSO4:6H2O
  Kieserite        -3.45     -4.62   -1.16  MgSO4:H2O
  Mirabilite       -2.55     -3.79   -1.24  Na2SO4:10H2O
  O2(g)           -11.74    -14.64   -2.89  O2
  Sulfur          -89.98    -85.09    4.88  S
  Sylvite          -3.54     -2.64    0.90  KCl
  Thenardite       -3.41     -3.71   -0.30  Na2SO4

**For a gas, SI = log10(fugacity). Fugacity = pressure * phi / 1 atm.
  For ideal gases, phi = 1.

------------------
End of simulation.
------------------

------------------------------------
Reading input data for simulation 5.
------------------------------------

------------------------------
End of Run after 0.01 Seconds.
------------------------------

