   Input file: mezcla.in
  Output file: salida_mezcla.out
Database file: phreeqc.dat

------------------
Reading data base.
------------------

	SOLUTION_MASTER_SPECIES
	SOLUTION_SPECIES
	PHASES
	GAS_BINARY_PARAMETERS
	EXCHANGE_MASTER_SPECIES
	EXCHANGE_SPECIES
	SURFACE_MASTER_SPECIES
	SURFACE_SPECIES
	MEAN_GAMMAS
	RATES
	END
------------------------------------
Reading input data for simulation 1.
------------------------------------

	TITLE Karstificacion Litoral y Mezcla de Aguas
	SOLUTION 1 Agua de Mar
	    units     mg/L
	    pH        8.18
	    temp      25
	    density   1.023
	    Na        10000
	    K         423
	    Mg        1180
	    Ca        410
	    Cl        17700
	    Alkalinity 180  as HCO3
	    S(6)      2610
	END
-----
TITLE
-----

 Karstificacion Litoral y Mezcla de Aguas

-------------------------------------------
Beginning of initial solution calculations.
-------------------------------------------

Initial solution 1.	Agua de Mar

-----------------------------Solution composition------------------------------

	Elements           Molality       Moles

	Alkalinity        2.978e-03   2.978e-03
	Ca                1.033e-02   1.033e-02
	Cl                5.040e-01   5.040e-01
	K                 1.092e-02   1.092e-02
	Mg                4.900e-02   4.900e-02
	Na                4.391e-01   4.391e-01
	S(6)              2.743e-02   2.743e-02

----------------------------Description of solution----------------------------

                                       pH  =   8.180    
                                       pe  =   4.000    
      Specific Conductance (µS/cm,  25°C)  = 48211
                          Density (g/cm³)  =   1.02086
                               Volume (L)  =   1.01170
                        Viscosity (mPa s)  =   0.95383
                        Activity of water  =   0.983
                 Ionic strength (mol/kgw)  =   6.041e-01
                       Mass of water (kg)  =   1.000e+00
                    Total carbon (mol/kg)  =   2.804e-03
                       Total CO2 (mol/kg)  =   2.804e-03
                         Temperature (°C)  =  25.00
                  Electrical balance (eq)  =   6.848e-03
 Percent error, 100*(Cat-|An|)/(Cat+|An|)  =   0.63
                               Iterations  =   8
                                  Total H  = 1.110151e+02
                                  Total O  = 5.562434e+01

----------------------------Distribution of species----------------------------

                                               Log       Log       Log    mole V
   Species          Molality    Activity  Molality  Activity     Gamma   cm³/mol

   OH-             2.438e-06   1.505e-06    -5.613    -5.822    -0.209     -2.75
   H+              8.714e-09   6.607e-09    -8.060    -8.180    -0.120      0.00
   H2O             5.551e+01   9.826e-01     1.744    -0.008     0.000     18.07
C(4)          2.804e-03
   HCO3-           1.991e-03   1.357e-03    -2.701    -2.868    -0.167     25.88
   MgHCO3+         3.176e-04   2.022e-04    -3.498    -3.694    -0.196      5.81
   NaHCO3          2.733e-04   3.609e-04    -3.563    -3.443     0.121     31.73
   MgCO3           1.019e-04   1.171e-04    -3.992    -3.932     0.060    -17.09
   CO3-2           4.469e-05   9.630e-06    -4.350    -5.016    -0.667     -0.72
   CaCO3           3.425e-05   3.936e-05    -4.465    -4.405     0.060    -14.60
   CO2             1.871e-05   2.051e-05    -4.728    -4.688     0.040     34.43
   CaHCO3+         1.826e-05   1.273e-05    -4.739    -4.895    -0.157    122.92
   KHCO3           4.041e-06   4.094e-06    -5.394    -5.388     0.006     41.03
   (CO2)2          6.719e-12   7.721e-12   -11.173   -11.112     0.060     68.87
Ca            1.033e-02
   Ca+2            9.616e-03   2.433e-03    -2.017    -2.614    -0.597    -16.75
   CaSO4           6.588e-04   7.571e-04    -3.181    -3.121     0.060      7.50
   CaCO3           3.425e-05   3.936e-05    -4.465    -4.405     0.060    -14.60
   CaHCO3+         1.826e-05   1.273e-05    -4.739    -4.895    -0.157    122.92
   CaOH+           8.113e-08   6.005e-08    -7.091    -7.221    -0.131     (0)  
   CaHSO4+         4.442e-11   3.288e-11   -10.352   -10.483    -0.131     (0)  
Cl            5.040e-01
   Cl-             5.040e-01   3.214e-01    -0.298    -0.493    -0.195     18.75
   HCl             4.046e-10   7.314e-10    -9.393    -9.136     0.257     (0)  
H(0)          5.378e-28
   H2              2.689e-28   3.090e-28   -27.570   -27.510     0.060     28.61
K             1.092e-02
   K+              1.071e-02   6.756e-03    -1.970    -2.170    -0.200      9.62
   KSO4-           2.027e-04   1.799e-04    -3.693    -3.745    -0.052     11.90
   KHCO3           4.041e-06   4.094e-06    -5.394    -5.388     0.006     41.03
Mg            4.900e-02
   Mg+2            4.404e-02   1.274e-02    -1.356    -1.895    -0.539    -20.47
   MgSO4           4.419e-03   5.836e-03    -2.355    -2.234     0.121     -7.92
   MgHCO3+         3.176e-04   2.022e-04    -3.498    -3.694    -0.196      5.81
   Mg(SO4)2-2      1.168e-04   3.364e-05    -3.933    -4.473    -0.541     32.13
   MgCO3           1.019e-04   1.171e-04    -3.992    -3.932     0.060    -17.09
   MgOH+           9.695e-06   6.878e-06    -5.013    -5.163    -0.149     (0)  
Na            4.391e-01
   Na+             4.262e-01   3.055e-01    -0.370    -0.515    -0.145     -0.55
   NaSO4-          1.272e-02   8.701e-03    -1.896    -2.060    -0.165      7.32
   NaHCO3          2.733e-04   3.609e-04    -3.563    -3.443     0.121     31.73
O(0)          7.334e-38
   O2              3.667e-38   4.214e-38   -37.436   -37.375     0.060     30.40
S(6)          2.743e-02
   NaSO4-          1.272e-02   8.701e-03    -1.896    -2.060    -0.165      7.32
   SO4-2           9.197e-03   1.750e-03    -2.036    -2.757    -0.721     37.30
   MgSO4           4.419e-03   5.836e-03    -2.355    -2.234     0.121     -7.92
   CaSO4           6.588e-04   7.571e-04    -3.181    -3.121     0.060      7.50
   KSO4-           2.027e-04   1.799e-04    -3.693    -3.745    -0.052     11.90
   Mg(SO4)2-2      1.168e-04   3.364e-05    -3.933    -4.473    -0.541     32.13
   HSO4-           1.518e-09   1.124e-09    -8.819    -8.949    -0.131     40.93
   CaHSO4+         4.442e-11   3.288e-11   -10.352   -10.483    -0.131     (0)  

------------------------------Saturation indices-------------------------------

  Phase               SI** log IAP   log K(298 K,   1 atm)

  Anhydrite        -1.09     -5.37   -4.28  CaSO4
  Aragonite         0.71     -7.63   -8.34  CaCO3
  Arcanite         -5.22     -7.10   -1.88  K2SO4
  Calcite           0.85     -7.63   -8.48  CaCO3
  CO2(g)           -3.22     -4.69   -1.47  CO2
  Dolomite          2.54    -14.54  -17.08  CaMg(CO3)2
  Epsomite         -2.97     -4.71   -1.74  MgSO4:7H2O
  Gypsum           -0.80     -5.39   -4.58  CaSO4:2H2O
  H2(g)           -24.41    -27.51   -3.10  H2
  H2O(g)           -1.51     -0.01    1.50  H2O
  Halite           -2.58     -1.01    1.57  NaCl
  Hexahydrite      -3.13     -4.70   -1.57  MgSO4:6H2O
  Kieserite        -3.50     -4.66   -1.16  MgSO4:H2O
  Mirabilite       -2.62     -3.86   -1.24  Na2SO4:10H2O
  O2(g)           -34.48    -37.38   -2.89  O2
  Sylvite          -3.56     -2.66    0.90  KCl
  Thenardite       -3.49     -3.79   -0.30  Na2SO4

**For a gas, SI = log10(fugacity). Fugacity = pressure * phi / 1 atm.
  For ideal gases, phi = 1.

------------------
End of simulation.
------------------

------------------------------------
Reading input data for simulation 2.
------------------------------------

	SOLUTION 2 Acuifero Calcareo
	    units     mg/L
	    pH        7.10
	    temp      25
	    density   1.000
	    Na        14
	    K         7
	    Mg        18
	    Ca        80
	    Cl        34
	    Alkalinity 253  as HCO3
	    S(6)      1.8
	END
-------------------------------------------
Beginning of initial solution calculations.
-------------------------------------------

Initial solution 2.	Acuifero Calcareo

-----------------------------Solution composition------------------------------

	Elements           Molality       Moles

	Alkalinity        4.148e-03   4.148e-03
	Ca                1.997e-03   1.997e-03
	Cl                9.594e-04   9.594e-04
	K                 1.791e-04   1.791e-04
	Mg                7.407e-04   7.407e-04
	Na                6.092e-04   6.092e-04
	S(6)              1.875e-05   1.875e-05

----------------------------Description of solution----------------------------

                                       pH  =   7.100    
                                       pe  =   4.000    
      Specific Conductance (µS/cm,  25°C)  = 555
                          Density (g/cm³)  =   0.99739
                               Volume (L)  =   1.00306
                        Viscosity (mPa s)  =   0.89424
                        Activity of water  =   1.000
                 Ionic strength (mol/kgw)  =   8.338e-03
                       Mass of water (kg)  =   1.000e+00
                    Total carbon (mol/kg)  =   4.803e-03
                       Total CO2 (mol/kg)  =   4.803e-03
                         Temperature (°C)  =  25.00
                  Electrical balance (eq)  =   1.118e-03
 Percent error, 100*(Cat-|An|)/(Cat+|An|)  =   9.92
                               Iterations  =   9
                                  Total H  = 1.110166e+02
                                  Total O  = 5.552004e+01

----------------------------Distribution of species----------------------------

                                               Log       Log       Log    mole V
   Species          Molality    Activity  Molality  Activity     Gamma   cm³/mol

   OH-             1.404e-07   1.274e-07    -6.853    -6.895    -0.042     -4.04
   H+              8.643e-08   7.943e-08    -7.063    -7.100    -0.037      0.00
   H2O             5.551e+01   9.998e-01     1.744    -0.000     0.000     18.07
C(4)          4.803e-03
   HCO3-           4.082e-03   3.722e-03    -2.389    -2.429    -0.040     24.64
   CO2             6.640e-04   6.649e-04    -3.178    -3.177     0.001     34.43
   MgHCO3+         2.379e-05   2.162e-05    -4.624    -4.665    -0.042      5.52
   CaHCO3+         2.138e-05   1.952e-05    -4.670    -4.710    -0.039    122.68
   CaCO3           5.010e-06   5.019e-06    -5.300    -5.299     0.001    -14.60
   CO3-2           3.179e-06   2.198e-06    -5.498    -5.658    -0.160     -3.70
   NaHCO3          1.785e-06   1.792e-06    -5.748    -5.747     0.002     31.73
   MgCO3           1.039e-06   1.041e-06    -5.983    -5.983     0.001    -17.09
   KHCO3           2.698e-07   2.699e-07    -6.569    -6.569     0.000     41.03
   (CO2)2          8.099e-09   8.114e-09    -8.092    -8.091     0.001     68.87
Ca            1.997e-03
   Ca+2            1.968e-03   1.360e-03    -2.706    -2.867    -0.161    -17.95
   CaHCO3+         2.138e-05   1.952e-05    -4.670    -4.710    -0.039    122.68
   CaCO3           5.010e-06   5.019e-06    -5.300    -5.299     0.001    -14.60
   CaSO4           2.463e-06   2.468e-06    -5.609    -5.608     0.001      7.50
   CaOH+           3.124e-09   2.840e-09    -8.505    -8.547    -0.041     (0)  
   CaHSO4+         1.417e-12   1.288e-12   -11.849   -11.890    -0.041     (0)  
Cl            9.594e-04
   Cl-             9.594e-04   8.713e-04    -3.018    -3.060    -0.042     18.13
   HCl             2.365e-11   2.384e-11   -10.626   -10.623     0.004     (0)  
H(0)          8.917e-26
   H2              4.458e-26   4.467e-26   -25.351   -25.350     0.001     28.61
K             1.791e-04
   K+              1.788e-04   1.623e-04    -3.748    -3.790    -0.042      9.06
   KHCO3           2.698e-07   2.699e-07    -6.569    -6.569     0.000     41.03
   KSO4-           2.754e-08   2.521e-08    -7.560    -7.598    -0.038     14.19
Mg            7.407e-04
   Mg+2            7.145e-04   4.963e-04    -3.146    -3.304    -0.158    -21.64
   MgHCO3+         2.379e-05   2.162e-05    -4.624    -4.665    -0.042      5.52
   MgSO4           1.321e-06   1.326e-06    -5.879    -5.877     0.002     -7.92
   MgCO3           1.039e-06   1.041e-06    -5.983    -5.983     0.001    -17.09
   MgOH+           2.481e-08   2.268e-08    -7.605    -7.644    -0.039     (0)  
   Mg(SO4)2-2      6.351e-11   4.459e-11   -10.197   -10.351    -0.154      5.92
Na            6.092e-04
   Na+             6.073e-04   5.529e-04    -3.217    -3.257    -0.041     -1.39
   NaHCO3          1.785e-06   1.792e-06    -5.748    -5.747     0.002     31.73
   NaSO4-          1.007e-07   9.186e-08    -6.997    -7.037    -0.040    -15.71
O(0)          0.000e+00
   O2              0.000e+00   0.000e+00   -41.681   -41.680     0.001     30.40
S(6)          1.875e-05
   SO4-2           1.483e-05   1.021e-05    -4.829    -4.991    -0.162     17.61
   CaSO4           2.463e-06   2.468e-06    -5.609    -5.608     0.001      7.50
   MgSO4           1.321e-06   1.326e-06    -5.879    -5.877     0.002     -7.92
   NaSO4-          1.007e-07   9.186e-08    -6.997    -7.037    -0.040    -15.71
   KSO4-           2.754e-08   2.521e-08    -7.560    -7.598    -0.038     14.19
   HSO4-           8.671e-11   7.883e-11   -10.062   -10.103    -0.041     40.33
   Mg(SO4)2-2      6.351e-11   4.459e-11   -10.197   -10.351    -0.154      5.92
   CaHSO4+         1.417e-12   1.288e-12   -11.849   -11.890    -0.041     (0)  

------------------------------Saturation indices-------------------------------

  Phase               SI** log IAP   log K(298 K,   1 atm)

  Anhydrite        -3.58     -7.86   -4.28  CaSO4
  Aragonite        -0.19     -8.52   -8.34  CaCO3
  Arcanite        -10.69    -12.57   -1.88  K2SO4
  Calcite          -0.04     -8.52   -8.48  CaCO3
  CO2(g)           -1.71     -3.18   -1.47  CO2
  Dolomite         -0.40    -17.49  -17.08  CaMg(CO3)2
  Epsomite         -6.56     -8.30   -1.74  MgSO4:7H2O
  Gypsum           -3.28     -7.86   -4.58  CaSO4:2H2O
  H2(g)           -22.25    -25.35   -3.10  H2
  H2O(g)           -1.50     -0.00    1.50  H2O
  Halite           -7.89     -6.32    1.57  NaCl
  Hexahydrite      -6.73     -8.30   -1.57  MgSO4:6H2O
  Kieserite        -7.13     -8.30   -1.16  MgSO4:H2O
  Mirabilite      -10.27    -11.51   -1.24  Na2SO4:10H2O
  O2(g)           -38.79    -41.68   -2.89  O2
  Sylvite          -7.75     -6.85    0.90  KCl
  Thenardite      -11.21    -11.51   -0.30  Na2SO4

**For a gas, SI = log10(fugacity). Fugacity = pressure * phi / 1 atm.
  For ideal gases, phi = 1.

------------------
End of simulation.
------------------

------------------------------------
Reading input data for simulation 3.
------------------------------------

	SELECTED_OUTPUT 1
	    file                 resultados_mezcla.csv
	    reset                false
	    state                true
	    ph                   true
	    si                   calcite
	    percent_error              true
	MIX 1
	 2 1.0
	 1 0.0
	 END
-----------------------------------------
Beginning of batch-reaction calculations.
-----------------------------------------

Reaction step 1.

Using mix 1.	

Mixture 1.	

	  0.000e+00 Solution 1	Agua de Mar                                            
	  1.000e+00 Solution 2	Acuifero Calcareo                                      

-----------------------------Solution composition------------------------------

	Elements           Molality       Moles

	C                 4.803e-03   4.803e-03
	Ca                1.997e-03   1.997e-03
	Cl                9.594e-04   9.594e-04
	K                 1.791e-04   1.791e-04
	Mg                7.407e-04   7.407e-04
	Na                6.092e-04   6.092e-04
	S                 1.875e-05   1.875e-05

----------------------------Description of solution----------------------------

                                       pH  =   7.100      Charge balance
                                       pe  =  -1.466      Adjusted to redox equilibrium
      Specific Conductance (µS/cm,  25°C)  = 555
                          Density (g/cm³)  =   0.99739
                               Volume (L)  =   1.00306
                        Viscosity (mPa s)  =   0.89424
                        Activity of water  =   1.000
                 Ionic strength (mol/kgw)  =   8.338e-03
                       Mass of water (kg)  =   1.000e+00
                 Total alkalinity (eq/kg)  =   4.148e-03
                       Total CO2 (mol/kg)  =   4.803e-03
                         Temperature (°C)  =  25.00
                  Electrical balance (eq)  =   1.118e-03
 Percent error, 100*(Cat-|An|)/(Cat+|An|)  =   9.92
                               Iterations  =  12
                                  Total H  = 1.110166e+02
                                  Total O  = 5.552004e+01

----------------------------Distribution of species----------------------------

                                               Log       Log       Log    mole V
   Species          Molality    Activity  Molality  Activity     Gamma   cm³/mol

   OH-             1.404e-07   1.274e-07    -6.853    -6.895    -0.042     -4.04
   H+              8.643e-08   7.943e-08    -7.063    -7.100    -0.037      0.00
   H2O             5.551e+01   9.998e-01     1.744    -0.000     0.000     18.07
C(-4)         1.375e-24
   CH4             1.375e-24   1.377e-24   -23.862   -23.861     0.001     35.46
C(4)          4.803e-03
   HCO3-           4.082e-03   3.722e-03    -2.389    -2.429    -0.040     24.64
   CO2             6.640e-04   6.649e-04    -3.178    -3.177     0.001     34.43
   MgHCO3+         2.379e-05   2.162e-05    -4.624    -4.665    -0.042      5.52
   CaHCO3+         2.138e-05   1.952e-05    -4.670    -4.710    -0.039    122.68
   CaCO3           5.010e-06   5.019e-06    -5.300    -5.299     0.001    -14.60
   CO3-2           3.179e-06   2.198e-06    -5.498    -5.658    -0.160     -3.70
   NaHCO3          1.785e-06   1.792e-06    -5.748    -5.747     0.002     31.73
   MgCO3           1.039e-06   1.041e-06    -5.983    -5.983     0.001    -17.09
   KHCO3           2.698e-07   2.699e-07    -6.569    -6.569     0.000     41.03
   (CO2)2          8.099e-09   8.114e-09    -8.092    -8.091     0.001     68.87
Ca            1.997e-03
   Ca+2            1.968e-03   1.360e-03    -2.706    -2.867    -0.161    -17.95
   CaHCO3+         2.138e-05   1.952e-05    -4.670    -4.710    -0.039    122.68
   CaCO3           5.010e-06   5.019e-06    -5.300    -5.299     0.001    -14.60
   CaSO4           2.463e-06   2.468e-06    -5.609    -5.608     0.001      7.50
   CaOH+           3.124e-09   2.840e-09    -8.505    -8.547    -0.041     (0)  
   CaHSO4+         1.417e-12   1.288e-12   -11.849   -11.890    -0.041     (0)  
Cl            9.594e-04
   Cl-             9.594e-04   8.713e-04    -3.018    -3.060    -0.042     18.13
   HCl             2.365e-11   2.384e-11   -10.626   -10.623     0.004     (0)  
H(0)          7.615e-15
   H2              3.807e-15   3.815e-15   -14.419   -14.419     0.001     28.61
K             1.791e-04
   K+              1.788e-04   1.623e-04    -3.748    -3.790    -0.042      9.06
   KHCO3           2.698e-07   2.699e-07    -6.569    -6.569     0.000     41.03
   KSO4-           2.754e-08   2.521e-08    -7.560    -7.598    -0.038     14.19
Mg            7.407e-04
   Mg+2            7.145e-04   4.963e-04    -3.146    -3.304    -0.158    -21.64
   MgHCO3+         2.379e-05   2.162e-05    -4.624    -4.665    -0.042      5.52
   MgSO4           1.321e-06   1.326e-06    -5.879    -5.877     0.002     -7.92
   MgCO3           1.039e-06   1.041e-06    -5.983    -5.983     0.001    -17.09
   MgOH+           2.481e-08   2.268e-08    -7.605    -7.644    -0.039     (0)  
   Mg(SO4)2-2      6.351e-11   4.459e-11   -10.197   -10.351    -0.154      5.92
Na            6.092e-04
   Na+             6.073e-04   5.529e-04    -3.217    -3.257    -0.041     -1.39
   NaHCO3          1.785e-06   1.792e-06    -5.748    -5.747     0.002     31.73
   NaSO4-          1.007e-07   9.186e-08    -6.997    -7.037    -0.040    -15.71
O(0)          0.000e+00
   O2              0.000e+00   0.000e+00   -63.544   -63.543     0.001     30.40
S(-2)         5.484e-24
   HS-             3.366e-24   3.055e-24   -23.473   -23.515    -0.042     20.66
   H2S             2.118e-24   2.122e-24   -23.674   -23.673     0.001     36.27
   S-2             6.746e-30   4.645e-30   -29.171   -29.333    -0.162     (0)  
   (H2S)2          0.000e+00   0.000e+00   -48.626   -48.625     0.001     30.09
S(6)          1.875e-05
   SO4-2           1.483e-05   1.021e-05    -4.829    -4.991    -0.162     17.61
   CaSO4           2.463e-06   2.468e-06    -5.609    -5.608     0.001      7.50
   MgSO4           1.321e-06   1.326e-06    -5.879    -5.877     0.002     -7.92
   NaSO4-          1.007e-07   9.186e-08    -6.997    -7.037    -0.040    -15.71
   KSO4-           2.754e-08   2.521e-08    -7.560    -7.598    -0.038     14.19
   HSO4-           8.671e-11   7.883e-11   -10.062   -10.103    -0.041     40.33
   Mg(SO4)2-2      6.351e-11   4.459e-11   -10.197   -10.351    -0.154      5.92
   CaHSO4+         1.417e-12   1.288e-12   -11.849   -11.890    -0.041     (0)  

------------------------------Saturation indices-------------------------------

  Phase               SI** log IAP   log K(298 K,   1 atm)

  Anhydrite        -3.58     -7.86   -4.28  CaSO4
  Aragonite        -0.19     -8.52   -8.34  CaCO3
  Arcanite        -10.69    -12.57   -1.88  K2SO4
  Calcite          -0.04     -8.52   -8.48  CaCO3
  CH4(g)          -21.06    -23.86   -2.80  CH4
  CO2(g)           -1.71     -3.18   -1.47  CO2
  Dolomite         -0.40    -17.49  -17.08  CaMg(CO3)2
  Epsomite         -6.56     -8.30   -1.74  MgSO4:7H2O
  Gypsum           -3.28     -7.86   -4.58  CaSO4:2H2O
  H2(g)           -11.32    -14.42   -3.10  H2
  H2O(g)           -1.50     -0.00    1.50  H2O
  H2S(g)          -22.68    -30.61   -7.94  H2S
  Halite           -7.89     -6.32    1.57  NaCl
  Hexahydrite      -6.73     -8.30   -1.57  MgSO4:6H2O
  Kieserite        -7.13     -8.30   -1.16  MgSO4:H2O
  Mirabilite      -10.27    -11.51   -1.24  Na2SO4:10H2O
  O2(g)           -60.65    -63.54   -2.89  O2
  Sulfur          -17.29    -12.40    4.88  S
  Sylvite          -7.75     -6.85    0.90  KCl
  Thenardite      -11.21    -11.51   -0.30  Na2SO4

**For a gas, SI = log10(fugacity). Fugacity = pressure * phi / 1 atm.
  For ideal gases, phi = 1.

------------------
End of simulation.
------------------

------------------------------------
Reading input data for simulation 4.
------------------------------------

	MIX 2
	 2 0.9
	 1 0.1
	 END
-----------------------------------------
Beginning of batch-reaction calculations.
-----------------------------------------

Reaction step 1.

Using mix 2.	

Mixture 2.	

	  1.000e-01 Solution 1	Agua de Mar                                            
	  9.000e-01 Solution 2	Acuifero Calcareo                                      

-----------------------------Solution composition------------------------------

	Elements           Molality       Moles

	C                 4.603e-03   4.603e-03
	Ca                2.830e-03   2.830e-03
	Cl                5.127e-02   5.127e-02
	K                 1.253e-03   1.253e-03
	Mg                5.567e-03   5.567e-03
	Na                4.446e-02   4.446e-02
	S                 2.760e-03   2.760e-03

----------------------------Description of solution----------------------------

                                       pH  =   7.071      Charge balance
                                       pe  =  -1.434      Adjusted to redox equilibrium
      Specific Conductance (µS/cm,  25°C)  = 6379
                          Density (g/cm³)  =   0.99981
                               Volume (L)  =   1.00386
                        Viscosity (mPa s)  =   0.90159
                        Activity of water  =   0.998
                 Ionic strength (mol/kgw)  =   6.924e-02
                       Mass of water (kg)  =   1.000e+00
                 Total alkalinity (eq/kg)  =   4.031e-03
                       Total CO2 (mol/kg)  =   4.603e-03
                         Temperature (°C)  =  25.00
                  Electrical balance (eq)  =   1.691e-03
 Percent error, 100*(Cat-|An|)/(Cat+|An|)  =   1.41
                               Iterations  =  13
                                  Total H  = 1.110164e+02
                                  Total O  = 5.553047e+01

----------------------------Distribution of species----------------------------

                                               Log       Log       Log    mole V
   Species          Molality    Activity  Molality  Activity     Gamma   cm³/mol

   OH-             1.507e-07   1.189e-07    -6.822    -6.925    -0.103     -3.81
   H+              1.011e-07   8.500e-08    -6.995    -7.071    -0.075      0.00
   H2O             5.551e+01   9.981e-01     1.744    -0.001     0.000     18.07
C(-4)         1.145e-24
   CH4             1.145e-24   1.164e-24   -23.941   -23.934     0.007     35.46
C(4)          4.603e-03
   HCO3-           3.797e-03   3.076e-03    -2.421    -2.512    -0.091     24.85
   CO2             5.828e-04   5.889e-04    -3.235    -3.230     0.005     34.43
   MgHCO3+         1.022e-04   8.123e-05    -3.991    -4.090    -0.100      5.63
   NaHCO3          9.178e-05   9.475e-05    -4.037    -4.023     0.014     31.73
   CaHCO3+         1.679e-05   1.370e-05    -4.775    -4.863    -0.088    122.78
   CO3-2           3.942e-06   1.697e-06    -5.404    -5.770    -0.366     -3.01
   MgCO3           3.597e-06   3.655e-06    -5.444    -5.437     0.007    -17.09
   CaCO3           3.240e-06   3.293e-06    -5.489    -5.482     0.007    -14.60
   KHCO3           1.344e-06   1.346e-06    -5.871    -5.871     0.001     41.03
   (CO2)2          6.266e-09   6.366e-09    -8.203    -8.196     0.007     68.87
Ca            2.830e-03
   Ca+2            2.667e-03   1.155e-03    -2.574    -2.937    -0.363    -17.54
   CaSO4           1.433e-04   1.456e-04    -3.844    -3.837     0.007      7.50
   CaHCO3+         1.679e-05   1.370e-05    -4.775    -4.863    -0.088    122.78
   CaCO3           3.240e-06   3.293e-06    -5.489    -5.482     0.007    -14.60
   CaOH+           2.805e-09   2.251e-09    -8.552    -8.648    -0.096     (0)  
   CaHSO4+         1.014e-10   8.133e-11    -9.994   -10.090    -0.096     (0)  
Cl            5.127e-02
   Cl-             5.127e-02   4.063e-02    -1.290    -1.391    -0.101     18.29
   HCl             1.112e-09   1.190e-09    -8.954    -8.925     0.029     (0)  
H(0)          7.415e-15
   H2              3.707e-15   3.767e-15   -14.431   -14.424     0.007     28.61
K             1.253e-03
   K+              1.239e-03   9.799e-04    -2.907    -3.009    -0.102      9.20
   KSO4-           1.266e-05   1.057e-05    -4.898    -4.976    -0.078     14.24
   KHCO3           1.344e-06   1.346e-06    -5.871    -5.871     0.001     41.03
Mg            5.567e-03
   Mg+2            5.053e-03   2.257e-03    -2.296    -2.646    -0.350    -21.24
   MgSO4           4.057e-04   4.189e-04    -3.392    -3.378     0.014     -7.92
   MgHCO3+         1.022e-04   8.123e-05    -3.991    -4.090    -0.100      5.63
   MgCO3           3.597e-06   3.655e-06    -5.444    -5.437     0.007    -17.09
   Mg(SO4)2-2      2.097e-06   9.779e-07    -5.679    -6.010    -0.331     17.76
   MgOH+           1.173e-07   9.623e-08    -6.931    -7.017    -0.086     (0)  
Na            4.446e-02
   Na+             4.387e-02   3.537e-02    -1.358    -1.451    -0.094     -1.16
   NaSO4-          5.032e-04   4.081e-04    -3.298    -3.389    -0.091     -7.12
   NaHCO3          9.178e-05   9.475e-05    -4.037    -4.023     0.014     31.73
O(0)          0.000e+00
   O2              0.000e+00   0.000e+00   -63.541   -63.534     0.007     30.40
S(-2)         4.345e-22
   HS-             2.755e-22   2.173e-22   -21.560   -21.663    -0.103     20.82
   H2S             1.590e-22   1.615e-22   -21.799   -21.792     0.007     36.27
   S-2             7.321e-28   3.088e-28   -27.135   -27.510    -0.375     (0)  
   (H2S)2          0.000e+00   0.000e+00   -44.869   -44.862     0.007     30.09
S(6)          2.760e-03
   SO4-2           1.691e-03   7.088e-04    -2.772    -3.149    -0.378     22.90
   NaSO4-          5.032e-04   4.081e-04    -3.298    -3.389    -0.091     -7.12
   MgSO4           4.057e-04   4.189e-04    -3.392    -3.378     0.014     -7.92
   CaSO4           1.433e-04   1.456e-04    -3.844    -3.837     0.007      7.50
   KSO4-           1.266e-05   1.057e-05    -4.898    -4.976    -0.078     14.24
   Mg(SO4)2-2      2.097e-06   9.779e-07    -5.679    -6.010    -0.331     17.76
   HSO4-           7.301e-09   5.858e-09    -8.137    -8.232    -0.096     40.49
   CaHSO4+         1.014e-10   8.133e-11    -9.994   -10.090    -0.096     (0)  

------------------------------Saturation indices-------------------------------

  Phase               SI** log IAP   log K(298 K,   1 atm)

  Anhydrite        -1.81     -6.09   -4.28  CaSO4
  Aragonite        -0.37     -8.71   -8.34  CaCO3
  Arcanite         -7.29     -9.17   -1.88  K2SO4
  Calcite          -0.23     -8.71   -8.48  CaCO3
  CH4(g)          -21.13    -23.93   -2.80  CH4
  CO2(g)           -1.76     -3.23   -1.47  CO2
  Dolomite         -0.04    -17.12  -17.08  CaMg(CO3)2
  Epsomite         -4.06     -5.80   -1.74  MgSO4:7H2O
  Gypsum           -1.51     -6.09   -4.58  CaSO4:2H2O
  H2(g)           -11.32    -14.42   -3.10  H2
  H2O(g)           -1.50     -0.00    1.50  H2O
  H2S(g)          -20.80    -28.73   -7.94  H2S
  Halite           -4.41     -2.84    1.57  NaCl
  Hexahydrite      -4.23     -5.80   -1.57  MgSO4:6H2O
  Kieserite        -4.64     -5.80   -1.16  MgSO4:H2O
  Mirabilite       -4.82     -6.06   -1.24  Na2SO4:10H2O
  O2(g)           -60.64    -63.53   -2.89  O2
  Sulfur          -15.40    -10.52    4.88  S
  Sylvite          -5.30     -4.40    0.90  KCl
  Thenardite       -5.75     -6.05   -0.30  Na2SO4

**For a gas, SI = log10(fugacity). Fugacity = pressure * phi / 1 atm.
  For ideal gases, phi = 1.

------------------
End of simulation.
------------------

------------------------------------
Reading input data for simulation 5.
------------------------------------

	MIX 3
	 2 0.8
	 1 0.2
	 END
-----------------------------------------
Beginning of batch-reaction calculations.
-----------------------------------------

Reaction step 1.

Using mix 3.	

Mixture 3.	

	  2.000e-01 Solution 1	Agua de Mar                                            
	  8.000e-01 Solution 2	Acuifero Calcareo                                      

-----------------------------Solution composition------------------------------

	Elements           Molality       Moles

	C                 4.403e-03   4.403e-03
	Ca                3.663e-03   3.663e-03
	Cl                1.016e-01   1.016e-01
	K                 2.328e-03   2.328e-03
	Mg                1.039e-02   1.039e-02
	Na                8.832e-02   8.832e-02
	S                 5.501e-03   5.501e-03

----------------------------Description of solution----------------------------

                                       pH  =   7.084      Charge balance
                                       pe  =  10.751      Adjusted to redox equilibrium
      Specific Conductance (µS/cm,  25°C)  = 11695
                          Density (g/cm³)  =   1.00221
                               Volume (L)  =   1.00469
                        Viscosity (mPa s)  =   0.90724
                        Activity of water  =   0.996
                 Ionic strength (mol/kgw)  =   1.294e-01
                       Mass of water (kg)  =   1.000e+00
                 Total alkalinity (eq/kg)  =   3.914e-03
                       Total CO2 (mol/kg)  =   4.403e-03
                         Temperature (°C)  =  25.00
                  Electrical balance (eq)  =   2.264e-03
 Percent error, 100*(Cat-|An|)/(Cat+|An|)  =   1.00
                               Iterations  =  15
                                  Total H  = 1.110163e+02
                                  Total O  = 5.554090e+01

----------------------------Distribution of species----------------------------

                                               Log       Log       Log    mole V
   Species          Molality    Activity  Molality  Activity     Gamma   cm³/mol

   OH-             1.651e-07   1.225e-07    -6.782    -6.912    -0.130     -3.66
   H+              1.011e-07   8.235e-08    -6.995    -7.084    -0.089      0.00
   H2O             5.551e+01   9.964e-01     1.744    -0.002     0.000     18.07
C(-4)         0.000e+00
   CH4             0.000e+00   0.000e+00  -121.590  -121.577     0.013     35.46
C(4)          4.403e-03
   HCO3-           3.565e-03   2.755e-03    -2.448    -2.560    -0.112     24.99
   CO2             5.019e-04   5.119e-04    -3.299    -3.291     0.009     34.43
   MgHCO3+         1.529e-04   1.148e-04    -3.815    -3.940    -0.125      5.68
   NaHCO3          1.511e-04   1.604e-04    -3.821    -3.795     0.026     31.73
   CaHCO3+         1.693e-05   1.322e-05    -4.771    -4.879    -0.107    122.82
   MgCO3           5.175e-06   5.332e-06    -5.286    -5.273     0.013    -17.09
   CO3-2           4.401e-06   1.569e-06    -5.356    -5.804    -0.448     -2.60
   CaCO3           3.184e-06   3.280e-06    -5.497    -5.484     0.013    -14.60
   KHCO3           2.097e-06   2.103e-06    -5.678    -5.677     0.001     41.03
   (CO2)2          4.669e-09   4.810e-09    -8.331    -8.318     0.013     68.87
Ca            3.663e-03
   Ca+2            3.427e-03   1.245e-03    -2.465    -2.905    -0.440    -17.36
   CaSO4           2.159e-04   2.224e-04    -3.666    -3.653     0.013      7.50
   CaHCO3+         1.693e-05   1.322e-05    -4.771    -4.879    -0.107    122.82
   CaCO3           3.184e-06   3.280e-06    -5.497    -5.484     0.013    -14.60
   CaOH+           3.257e-09   2.499e-09    -8.487    -8.602    -0.115     (0)  
   CaHSO4+         1.569e-10   1.204e-10    -9.804    -9.919    -0.115     (0)  
Cl            1.016e-01
   Cl-             1.016e-01   7.597e-02    -0.993    -1.119    -0.126     18.38
   HCl             1.898e-09   2.155e-09    -8.722    -8.667     0.055     (0)  
H(0)          2.939e-39
   H2              1.470e-39   1.514e-39   -38.833   -38.820     0.013     28.61
K             2.328e-03
   K+              2.294e-03   1.709e-03    -2.639    -2.767    -0.128      9.27
   KSO4-           3.196e-05   2.613e-05    -4.495    -4.583    -0.087     14.19
   KHCO3           2.097e-06   2.103e-06    -5.678    -5.677     0.001     41.03
Mg            1.039e-02
   Mg+2            9.344e-03   3.562e-03    -2.029    -2.448    -0.419    -21.06
   MgSO4           8.830e-04   9.372e-04    -3.054    -3.028     0.026     -7.92
   MgHCO3+         1.529e-04   1.148e-04    -3.815    -3.940    -0.125      5.68
   Mg(SO4)2-2      7.713e-06   3.103e-06    -5.113    -5.508    -0.396     21.61
   MgCO3           5.175e-06   5.332e-06    -5.286    -5.273     0.013    -17.09
   MgOH+           1.987e-07   1.565e-07    -6.702    -6.806    -0.104     (0)  
Na            8.832e-02
   Na+             8.675e-02   6.685e-02    -1.062    -1.175    -0.113     -1.04
   NaSO4-          1.413e-03   1.094e-03    -2.850    -2.961    -0.111     -3.67
   NaHCO3          1.511e-04   1.604e-04    -3.821    -3.795     0.026     31.73
O(0)          3.505e-15
   O2              1.753e-15   1.805e-15   -14.756   -14.743     0.013     30.40
S(-2)         0.000e+00
   HS-             0.000e+00   0.000e+00  -118.976  -119.105    -0.130     20.91
   H2S             0.000e+00   0.000e+00  -119.261  -119.248     0.013     36.27
   S-2             0.000e+00   0.000e+00  -124.478  -124.939    -0.461     (0)  
   (H2S)2          0.000e+00   0.000e+00  -239.787  -239.774     0.013     30.09
S(6)          5.501e-03
   SO4-2           2.942e-03   1.005e-03    -2.531    -2.998    -0.466     25.71
   NaSO4-          1.413e-03   1.094e-03    -2.850    -2.961    -0.111     -3.67
   MgSO4           8.830e-04   9.372e-04    -3.054    -3.028     0.026     -7.92
   CaSO4           2.159e-04   2.224e-04    -3.666    -3.653     0.013      7.50
   KSO4-           3.196e-05   2.613e-05    -4.495    -4.583    -0.087     14.19
   Mg(SO4)2-2      7.713e-06   3.103e-06    -5.113    -5.508    -0.396     21.61
   HSO4-           1.049e-08   8.047e-09    -7.979    -8.094    -0.115     40.58
   CaHSO4+         1.569e-10   1.204e-10    -9.804    -9.919    -0.115     (0)  

------------------------------Saturation indices-------------------------------

  Phase               SI** log IAP   log K(298 K,   1 atm)

  Anhydrite        -1.63     -5.90   -4.28  CaSO4
  Aragonite        -0.37     -8.71   -8.34  CaCO3
  Arcanite         -6.65     -8.53   -1.88  K2SO4
  Calcite          -0.23     -8.71   -8.48  CaCO3
  CH4(g)         -118.78   -121.58   -2.80  CH4
  CO2(g)           -1.82     -3.29   -1.47  CO2
  Dolomite          0.12    -16.96  -17.08  CaMg(CO3)2
  Epsomite         -3.72     -5.46   -1.74  MgSO4:7H2O
  Gypsum           -1.32     -5.91   -4.58  CaSO4:2H2O
  H2(g)           -35.72    -38.82   -3.10  H2
  H2O(g)           -1.50     -0.00    1.50  H2O
  H2S(g)         -118.25   -126.19   -7.94  H2S
  Halite           -3.86     -2.29    1.57  NaCl
  Hexahydrite      -3.89     -5.46   -1.57  MgSO4:6H2O
  Kieserite        -4.29     -5.45   -1.16  MgSO4:H2O
  Mirabilite       -4.12     -5.36   -1.24  Na2SO4:10H2O
  O2(g)           -11.85    -14.74   -2.89  O2
  Sulfur          -88.46    -83.58    4.88  S
  Sylvite          -4.79     -3.89    0.90  KCl
  Thenardite       -5.05     -5.35   -0.30  Na2SO4

**For a gas, SI = log10(fugacity). Fugacity = pressure * phi / 1 atm.
  For ideal gases, phi = 1.

------------------
End of simulation.
------------------

------------------------------------
Reading input data for simulation 6.
------------------------------------

	MIX 4
	 2 0.7
	 1 0.3
	 END
-----------------------------------------
Beginning of batch-reaction calculations.
-----------------------------------------

Reaction step 1.

Using mix 4.	

Mixture 4.	

	  3.000e-01 Solution 1	Agua de Mar                                            
	  7.000e-01 Solution 2	Acuifero Calcareo                                      

-----------------------------Solution composition------------------------------

	Elements           Molality       Moles

	C                 4.203e-03   4.203e-03
	Ca                4.496e-03   4.496e-03
	Cl                1.519e-01   1.519e-01
	K                 3.402e-03   3.402e-03
	Mg                1.522e-02   1.522e-02
	Na                1.322e-01   1.322e-01
	S                 8.242e-03   8.242e-03

----------------------------Description of solution----------------------------

                                       pH  =   7.118      Charge balance
                                       pe  =  -1.474      Adjusted to redox equilibrium
      Specific Conductance (µS/cm,  25°C)  = 16750
                          Density (g/cm³)  =   1.00460
                               Volume (L)  =   1.00553
                        Viscosity (mPa s)  =   0.91285
                        Activity of water  =   0.995
                 Ionic strength (mol/kgw)  =   1.891e-01
                       Mass of water (kg)  =   1.000e+00
                 Total alkalinity (eq/kg)  =   3.797e-03
                       Total CO2 (mol/kg)  =   4.203e-03
                         Temperature (°C)  =  25.00
                  Electrical balance (eq)  =   2.837e-03
 Percent error, 100*(Cat-|An|)/(Cat+|An|)  =   0.85
                               Iterations  =  14
                                  Total H  = 1.110161e+02
                                  Total O  = 5.555133e+01

----------------------------Distribution of species----------------------------

                                               Log       Log       Log    mole V
   Species          Molality    Activity  Molality  Activity     Gamma   cm³/mol

   OH-             1.856e-07   1.321e-07    -6.731    -6.879    -0.148     -3.52
   H+              9.532e-08   7.623e-08    -7.021    -7.118    -0.097      0.00
   H2O             5.551e+01   9.946e-01     1.744    -0.002     0.000     18.07
C(-4)         7.265e-25
   CH4             7.265e-25   7.589e-25   -24.139   -24.120     0.019     35.46
C(4)          4.203e-03
   HCO3-           3.358e-03   2.517e-03    -2.474    -2.599    -0.125     25.12
   CO2             4.214e-04   4.337e-04    -3.375    -3.363     0.012     34.43
   NaHCO3          1.952e-04   2.130e-04    -3.709    -3.672     0.038     31.73
   MgHCO3+         1.933e-04   1.396e-04    -3.714    -3.855    -0.141      5.71
   CaHCO3+         1.750e-05   1.330e-05    -4.757    -4.876    -0.119    122.84
   MgCO3           6.706e-06   7.005e-06    -5.174    -5.155     0.019    -17.09
   CO3-2           4.906e-06   1.548e-06    -5.309    -5.810    -0.501     -2.28
   CaCO3           3.410e-06   3.562e-06    -5.467    -5.448     0.019    -14.60
   KHCO3           2.682e-06   2.693e-06    -5.571    -5.570     0.002     41.03
   (CO2)2          3.306e-09   3.453e-09    -8.481    -8.462     0.019     68.87
Ca            4.496e-03
   Ca+2            4.197e-03   1.369e-03    -2.377    -2.863    -0.486    -17.23
   CaSO4           2.786e-04   2.910e-04    -3.555    -3.536     0.019      7.50
   CaHCO3+         1.750e-05   1.330e-05    -4.757    -4.876    -0.119    122.84
   CaCO3           3.410e-06   3.562e-06    -5.467    -5.448     0.019    -14.60
   CaOH+           3.960e-09   2.965e-09    -8.402    -8.528    -0.126     (0)  
   CaHSO4+         1.947e-10   1.458e-10    -9.711    -9.836    -0.126     (0)  
Cl            1.519e-01
   Cl-             1.519e-01   1.093e-01    -0.818    -0.961    -0.143     18.45
   HCl             2.385e-09   2.871e-09    -8.623    -8.542     0.080     (0)  
H(0)          6.984e-15
   H2              3.492e-15   3.648e-15   -14.457   -14.438     0.019     28.61
K             3.402e-03
   K+              3.346e-03   2.396e-03    -2.476    -2.621    -0.145      9.33
   KSO4-           5.349e-05   4.355e-05    -4.272    -4.361    -0.089     14.07
   KHCO3           2.682e-06   2.693e-06    -5.571    -5.570     0.002     41.03
Mg            1.522e-02
   Mg+2            1.364e-02   4.741e-03    -1.865    -2.324    -0.459    -20.94
   MgSO4           1.359e-03   1.483e-03    -2.867    -2.829     0.038     -7.92
   MgHCO3+         1.933e-04   1.396e-04    -3.714    -3.855    -0.141      5.71
   Mg(SO4)2-2      1.588e-05   5.837e-06    -4.799    -5.234    -0.435     24.05
   MgCO3           6.706e-06   7.005e-06    -5.174    -5.155     0.019    -17.09
   MgOH+           2.927e-07   2.246e-07    -6.534    -6.649    -0.115     (0)  
Na            1.322e-01
   Na+             1.295e-01   9.717e-02    -0.888    -1.012    -0.125     -0.95
   NaSO4-          2.516e-03   1.890e-03    -2.599    -2.724    -0.124     -1.31
   NaHCO3          1.952e-04   2.130e-04    -3.709    -3.672     0.038     31.73
O(0)          0.000e+00
   O2              0.000e+00   0.000e+00   -63.528   -63.509     0.019     30.40
S(-2)         5.987e-22
   HS-             4.118e-22   2.929e-22   -21.385   -21.533    -0.148     20.98
   H2S             1.869e-22   1.953e-22   -21.728   -21.709     0.019     36.27
   S-2             1.528e-27   4.641e-28   -26.816   -27.333    -0.518     (0)  
   (H2S)2          0.000e+00   0.000e+00   -44.716   -44.697     0.019     30.09
S(6)          8.242e-03
   SO4-2           4.003e-03   1.195e-03    -2.398    -2.923    -0.525     27.86
   NaSO4-          2.516e-03   1.890e-03    -2.599    -2.724    -0.124     -1.31
   MgSO4           1.359e-03   1.483e-03    -2.867    -2.829     0.038     -7.92
   CaSO4           2.786e-04   2.910e-04    -3.555    -3.536     0.019      7.50
   KSO4-           5.349e-05   4.355e-05    -4.272    -4.361    -0.089     14.07
   Mg(SO4)2-2      1.588e-05   5.837e-06    -4.799    -5.234    -0.435     24.05
   HSO4-           1.183e-08   8.856e-09    -7.927    -8.053    -0.126     40.64
   CaHSO4+         1.947e-10   1.458e-10    -9.711    -9.836    -0.126     (0)  

------------------------------Saturation indices-------------------------------

  Phase               SI** log IAP   log K(298 K,   1 atm)

  Anhydrite        -1.51     -5.79   -4.28  CaSO4
  Aragonite        -0.34     -8.67   -8.34  CaCO3
  Arcanite         -6.28     -8.16   -1.88  K2SO4
  Calcite          -0.19     -8.67   -8.48  CaCO3
  CH4(g)          -21.32    -24.12   -2.80  CH4
  CO2(g)           -1.89     -3.36   -1.47  CO2
  Dolomite          0.28    -16.81  -17.08  CaMg(CO3)2
  Epsomite         -3.52     -5.26   -1.74  MgSO4:7H2O
  Gypsum           -1.21     -5.79   -4.58  CaSO4:2H2O
  H2(g)           -11.34    -14.44   -3.10  H2
  H2O(g)           -1.51     -0.00    1.50  H2O
  H2S(g)          -20.71    -28.65   -7.94  H2S
  Halite           -3.54     -1.97    1.57  NaCl
  Hexahydrite      -3.69     -5.26   -1.57  MgSO4:6H2O
  Kieserite        -4.09     -5.25   -1.16  MgSO4:H2O
  Mirabilite       -3.73     -4.97   -1.24  Na2SO4:10H2O
  O2(g)           -60.62    -63.51   -2.89  O2
  Sulfur          -15.30    -10.42    4.88  S
  Sylvite          -4.48     -3.58    0.90  KCl
  Thenardite       -4.65     -4.95   -0.30  Na2SO4

**For a gas, SI = log10(fugacity). Fugacity = pressure * phi / 1 atm.
  For ideal gases, phi = 1.

------------------
End of simulation.
------------------

------------------------------------
Reading input data for simulation 7.
------------------------------------

	MIX 5
	 2 0.6
	 1 0.4
	 END
-----------------------------------------
Beginning of batch-reaction calculations.
-----------------------------------------

Reaction step 1.

Using mix 5.	

Mixture 5.	

	  4.000e-01 Solution 1	Agua de Mar                                            
	  6.000e-01 Solution 2	Acuifero Calcareo                                      

-----------------------------Solution composition------------------------------

	Elements           Molality       Moles

	C                 4.003e-03   4.003e-03
	Ca                5.329e-03   5.329e-03
	Cl                2.022e-01   2.022e-01
	K                 4.476e-03   4.476e-03
	Mg                2.004e-02   2.004e-02
	Na                1.760e-01   1.760e-01
	S                 1.098e-02   1.098e-02

----------------------------Description of solution----------------------------

                                       pH  =   7.171      Charge balance
                                       pe  =  -1.523      Adjusted to redox equilibrium
      Specific Conductance (µS/cm,  25°C)  = 21618
                          Density (g/cm³)  =   1.00696
                               Volume (L)  =   1.00638
                        Viscosity (mPa s)  =   0.91851
                        Activity of water  =   0.993
                 Ionic strength (mol/kgw)  =   2.487e-01
                       Mass of water (kg)  =   1.000e+00
                 Total alkalinity (eq/kg)  =   3.680e-03
                       Total CO2 (mol/kg)  =   4.003e-03
                         Temperature (°C)  =  25.00
                  Electrical balance (eq)  =   3.410e-03
 Percent error, 100*(Cat-|An|)/(Cat+|An|)  =   0.77
                               Iterations  =  14
                                  Total H  = 1.110160e+02
                                  Total O  = 5.556176e+01

----------------------------Distribution of species----------------------------

                                               Log       Log       Log    mole V
   Species          Molality    Activity  Molality  Activity     Gamma   cm³/mol

   OH-             2.160e-07   1.488e-07    -6.666    -6.827    -0.162     -3.40
   H+              8.555e-08   6.752e-08    -7.068    -7.171    -0.103      0.00
   H2O             5.551e+01   9.929e-01     1.744    -0.003     0.000     18.07
C(-4)         5.496e-25
   CH4             5.496e-25   5.820e-25   -24.260   -24.235     0.025     35.46
C(4)          4.003e-03
   HCO3-           3.166e-03   2.321e-03    -2.499    -2.634    -0.135     25.23
   CO2             3.416e-04   3.548e-04    -3.466    -3.450     0.016     34.43
   NaHCO3          2.288e-04   2.566e-04    -3.641    -3.591     0.050     31.73
   MgHCO3+         2.271e-04   1.594e-04    -3.644    -3.797    -0.154      5.73
   CaHCO3+         1.812e-05   1.349e-05    -4.742    -4.870    -0.128    122.86
   MgCO3           8.528e-06   9.031e-06    -5.069    -5.044     0.025    -17.09
   CO3-2           5.587e-06   1.612e-06    -5.253    -5.793    -0.540     -2.00
   CaCO3           3.853e-06   4.080e-06    -5.414    -5.389     0.025    -14.60
   KHCO3           3.151e-06   3.168e-06    -5.502    -5.499     0.002     41.03
   (CO2)2          2.182e-09   2.311e-09    -8.661    -8.636     0.025     68.87
Ca            5.329e-03
   Ca+2            4.970e-03   1.507e-03    -2.304    -2.822    -0.518    -17.13
   CaSO4           3.373e-04   3.571e-04    -3.472    -3.447     0.025      7.50
   CaHCO3+         1.812e-05   1.349e-05    -4.742    -4.870    -0.128    122.86
   CaCO3           3.853e-06   4.080e-06    -5.414    -5.389     0.025    -14.60
   CaOH+           4.980e-09   3.678e-09    -8.303    -8.434    -0.132     (0)  
   CaHSO4+         2.146e-10   1.585e-10    -9.668    -9.800    -0.132     (0)  
Cl            2.022e-01
   Cl-             2.022e-01   1.414e-01    -0.694    -0.850    -0.155     18.50
   HCl             2.578e-09   3.289e-09    -8.589    -8.483     0.106     (0)  
H(0)          6.773e-15
   H2              3.386e-15   3.586e-15   -14.470   -14.445     0.025     28.61
K             4.476e-03
   K+              4.397e-03   3.057e-03    -2.357    -2.515    -0.158      9.38
   KSO4-           7.585e-05   6.198e-05    -4.120    -4.208    -0.088     13.90
   KHCO3           3.151e-06   3.168e-06    -5.502    -5.499     0.002     41.03
Mg            2.004e-02
   Mg+2            1.796e-02   5.871e-03    -1.746    -2.231    -0.485    -20.84
   MgSO4           1.827e-03   2.049e-03    -2.738    -2.688     0.050     -7.92
   MgHCO3+         2.271e-04   1.594e-04    -3.644    -3.797    -0.154      5.73
   Mg(SO4)2-2      2.607e-05   8.994e-06    -4.584    -5.046    -0.462     25.87
   MgCO3           8.528e-06   9.031e-06    -5.069    -5.044     0.025    -17.09
   MgOH+           4.163e-07   3.135e-07    -6.381    -6.504    -0.123     (0)  
Na            1.760e-01
   Na+             1.720e-01   1.269e-01    -0.764    -0.896    -0.132     -0.87
   NaSO4-          3.748e-03   2.754e-03    -2.426    -2.560    -0.134      0.53
   NaHCO3          2.288e-04   2.566e-04    -3.641    -3.591     0.050     31.73
O(0)          0.000e+00
   O2              0.000e+00   0.000e+00   -63.520   -63.495     0.025     30.40
S(-2)         5.469e-22
   HS-             3.951e-22   2.723e-22   -21.403   -21.565    -0.162     21.04
   H2S             1.518e-22   1.607e-22   -21.819   -21.794     0.025     36.27
   S-2             1.766e-27   4.871e-28   -26.753   -27.312    -0.559     (0)  
   (H2S)2          0.000e+00   0.000e+00   -44.891   -44.866     0.025     30.09
S(6)          1.098e-02
   SO4-2           4.943e-03   1.333e-03    -2.306    -2.875    -0.569     29.66
   NaSO4-          3.748e-03   2.754e-03    -2.426    -2.560    -0.134      0.53
   MgSO4           1.827e-03   2.049e-03    -2.738    -2.688     0.050     -7.92
   CaSO4           3.373e-04   3.571e-04    -3.472    -3.447     0.025      7.50
   KSO4-           7.585e-05   6.198e-05    -4.120    -4.208    -0.088     13.90
   Mg(SO4)2-2      2.607e-05   8.994e-06    -4.584    -5.046    -0.462     25.87
   HSO4-           1.185e-08   8.749e-09    -7.926    -8.058    -0.132     40.70
   CaHSO4+         2.146e-10   1.585e-10    -9.668    -9.800    -0.132     (0)  

------------------------------Saturation indices-------------------------------

  Phase               SI** log IAP   log K(298 K,   1 atm)

  Anhydrite        -1.42     -5.70   -4.28  CaSO4
  Aragonite        -0.28     -8.61   -8.34  CaCO3
  Arcanite         -6.03     -7.90   -1.88  K2SO4
  Calcite          -0.13     -8.61   -8.48  CaCO3
  CH4(g)          -21.43    -24.24   -2.80  CH4
  CO2(g)           -1.98     -3.45   -1.47  CO2
  Dolomite          0.45    -16.64  -17.08  CaMg(CO3)2
  Epsomite         -3.39     -5.13   -1.74  MgSO4:7H2O
  Gypsum           -1.12     -5.70   -4.58  CaSO4:2H2O
  H2(g)           -11.34    -14.45   -3.10  H2
  H2O(g)           -1.51     -0.00    1.50  H2O
  H2S(g)          -20.80    -28.74   -7.94  H2S
  Halite           -3.32     -1.75    1.57  NaCl
  Hexahydrite      -3.56     -5.13   -1.57  MgSO4:6H2O
  Kieserite        -3.95     -5.11   -1.16  MgSO4:H2O
  Mirabilite       -3.46     -4.70   -1.24  Na2SO4:10H2O
  O2(g)           -60.60    -63.50   -2.89  O2
  Sulfur          -15.38    -10.50    4.88  S
  Sylvite          -4.26     -3.36    0.90  KCl
  Thenardite       -4.37     -4.67   -0.30  Na2SO4

**For a gas, SI = log10(fugacity). Fugacity = pressure * phi / 1 atm.
  For ideal gases, phi = 1.

------------------
End of simulation.
------------------

------------------------------------
Reading input data for simulation 8.
------------------------------------

	MIX 6
	 2 0.5
	 1 0.5
	 END
-----------------------------------------
Beginning of batch-reaction calculations.
-----------------------------------------

Reaction step 1.

Using mix 6.	

Mixture 6.	

	  5.000e-01 Solution 1	Agua de Mar                                            
	  5.000e-01 Solution 2	Acuifero Calcareo                                      

-----------------------------Solution composition------------------------------

	Elements           Molality       Moles

	C                 3.803e-03   3.803e-03
	Ca                6.162e-03   6.162e-03
	Cl                2.525e-01   2.525e-01
	K                 5.550e-03   5.550e-03
	Mg                2.487e-02   2.487e-02
	Na                2.199e-01   2.199e-01
	S                 1.372e-02   1.372e-02

----------------------------Description of solution----------------------------

                                       pH  =   7.247      Charge balance
                                       pe  =  -1.598      Adjusted to redox equilibrium
      Specific Conductance (µS/cm,  25°C)  = 26335
                          Density (g/cm³)  =   1.00931
                               Volume (L)  =   1.00724
                        Viscosity (mPa s)  =   0.92423
                        Activity of water  =   0.991
                 Ionic strength (mol/kgw)  =   3.082e-01
                       Mass of water (kg)  =   1.000e+00
                 Total alkalinity (eq/kg)  =   3.563e-03
                       Total CO2 (mol/kg)  =   3.803e-03
                         Temperature (°C)  =  25.00
                  Electrical balance (eq)  =   3.983e-03
 Percent error, 100*(Cat-|An|)/(Cat+|An|)  =   0.73
                               Iterations  =  16
                                  Total H  = 1.110158e+02
                                  Total O  = 5.557219e+01

----------------------------Distribution of species----------------------------

                                               Log       Log       Log    mole V
   Species          Molality    Activity  Molality  Activity     Gamma   cm³/mol

   OH-             2.639e-07   1.773e-07    -6.579    -6.751    -0.173     -3.28
   H+              7.244e-08   5.659e-08    -7.140    -7.247    -0.107      0.00
   H2O             5.551e+01   9.912e-01     1.744    -0.004     0.000     18.07
C(-4)         4.146e-25
   CH4             4.146e-25   4.451e-25   -24.382   -24.352     0.031     35.46
C(4)          3.803e-03
   HCO3-           2.985e-03   2.149e-03    -2.525    -2.668    -0.143     25.35
   CO2             2.633e-04   2.759e-04    -3.580    -3.559     0.020     34.43
   MgHCO3+         2.561e-04   1.757e-04    -3.592    -3.755    -0.164      5.75
   NaHCO3          2.542e-04   2.929e-04    -3.595    -3.533     0.062     31.73
   CaHCO3+         1.869e-05   1.369e-05    -4.728    -4.864    -0.135    122.87
   MgCO3           1.106e-05   1.187e-05    -4.956    -4.926     0.031    -17.09
   CO3-2           6.627e-06   1.781e-06    -5.179    -5.749    -0.571     -1.74
   CaCO3           4.602e-06   4.940e-06    -5.337    -5.306     0.031    -14.60
   KHCO3           3.528e-06   3.551e-06    -5.453    -5.450     0.003     41.03
   (CO2)2          1.302e-09   1.397e-09    -8.885    -8.855     0.031     68.87
Ca            6.162e-03
   Ca+2            5.745e-03   1.651e-03    -2.241    -2.782    -0.542    -17.05
   CaSO4           3.937e-04   4.227e-04    -3.405    -3.374     0.031      7.50
   CaHCO3+         1.869e-05   1.369e-05    -4.728    -4.864    -0.135    122.87
   CaCO3           4.602e-06   4.940e-06    -5.337    -5.306     0.031    -14.60
   CaOH+           6.547e-09   4.799e-09    -8.184    -8.319    -0.135     (0)  
   CaHSO4+         2.145e-10   1.572e-10    -9.669    -9.803    -0.135     (0)  
Cl            2.525e-01
   Cl-             2.525e-01   1.726e-01    -0.598    -0.763    -0.165     18.56
   HCl             2.488e-09   3.366e-09    -8.604    -8.473     0.131     (0)  
H(0)          6.647e-15
   H2              3.324e-15   3.568e-15   -14.478   -14.448     0.031     28.61
K             5.550e-03
   K+              5.449e-03   3.699e-03    -2.264    -2.432    -0.168      9.43
   KSO4-           9.834e-05   8.102e-05    -4.007    -4.091    -0.084     13.68
   KHCO3           3.528e-06   3.551e-06    -5.453    -5.450     0.003     41.03
Mg            2.487e-02
   Mg+2            2.228e-02   6.984e-03    -1.652    -2.156    -0.504    -20.76
   MgSO4           2.284e-03   2.633e-03    -2.641    -2.580     0.062     -7.92
   MgHCO3+         2.561e-04   1.757e-04    -3.592    -3.755    -0.164      5.75
   Mg(SO4)2-2      3.796e-05   1.248e-05    -4.421    -4.904    -0.483     27.32
   MgCO3           1.106e-05   1.187e-05    -4.956    -4.926     0.031    -17.09
   MgOH+           5.985e-07   4.441e-07    -6.223    -6.352    -0.130     (0)  
Na            2.199e-01
   Na+             2.145e-01   1.565e-01    -0.668    -0.806    -0.137     -0.80
   NaSO4-          5.078e-03   3.667e-03    -2.294    -2.436    -0.141      2.04
   NaHCO3          2.542e-04   2.929e-04    -3.595    -3.533     0.062     31.73
O(0)          0.000e+00
   O2              0.000e+00   0.000e+00   -63.523   -63.493     0.031     30.40
S(-2)         4.743e-22
   HS-             3.622e-22   2.433e-22   -21.441   -21.614    -0.173     21.10
   H2S             1.121e-22   1.204e-22   -21.950   -21.919     0.031     36.27
   S-2             2.031e-27   5.192e-28   -26.692   -27.285    -0.592     (0)  
   (H2S)2          0.000e+00   0.000e+00   -45.148   -45.117     0.031     30.09
S(6)          1.372e-02
   SO4-2           5.794e-03   1.440e-03    -2.237    -2.842    -0.605     31.23
   NaSO4-          5.078e-03   3.667e-03    -2.294    -2.436    -0.141      2.04
   MgSO4           2.284e-03   2.633e-03    -2.641    -2.580     0.062     -7.92
   CaSO4           3.937e-04   4.227e-04    -3.405    -3.374     0.031      7.50
   KSO4-           9.834e-05   8.102e-05    -4.007    -4.091    -0.084     13.68
   Mg(SO4)2-2      3.796e-05   1.248e-05    -4.421    -4.904    -0.483     27.32
   HSO4-           1.081e-08   7.921e-09    -7.966    -8.101    -0.135     40.74
   CaHSO4+         2.145e-10   1.572e-10    -9.669    -9.803    -0.135     (0)  

------------------------------Saturation indices-------------------------------

  Phase               SI** log IAP   log K(298 K,   1 atm)

  Anhydrite        -1.35     -5.62   -4.28  CaSO4
  Aragonite        -0.20     -8.53   -8.34  CaCO3
  Arcanite         -5.83     -7.71   -1.88  K2SO4
  Calcite          -0.05     -8.53   -8.48  CaCO3
  CH4(g)          -21.55    -24.35   -2.80  CH4
  CO2(g)           -2.09     -3.56   -1.47  CO2
  Dolomite          0.65    -16.44  -17.08  CaMg(CO3)2
  Epsomite         -3.29     -5.02   -1.74  MgSO4:7H2O
  Gypsum           -1.05     -5.63   -4.58  CaSO4:2H2O
  H2(g)           -11.35    -14.45   -3.10  H2
  H2O(g)           -1.51     -0.00    1.50  H2O
  H2S(g)          -20.92    -28.86   -7.94  H2S
  Halite           -3.14     -1.57    1.57  NaCl
  Hexahydrite      -3.45     -5.02   -1.57  MgSO4:6H2O
  Kieserite        -3.84     -5.00   -1.16  MgSO4:H2O
  Mirabilite       -3.25     -4.49   -1.24  Na2SO4:10H2O
  O2(g)           -60.60    -63.49   -2.89  O2
  Sulfur          -15.50    -10.62    4.88  S
  Sylvite          -4.09     -3.19    0.90  KCl
  Thenardite       -4.15     -4.45   -0.30  Na2SO4

**For a gas, SI = log10(fugacity). Fugacity = pressure * phi / 1 atm.
  For ideal gases, phi = 1.

------------------
End of simulation.
------------------

------------------------------------
Reading input data for simulation 9.
------------------------------------

	MIX 7
	 2 0.4
	 1 0.6
	 END
-----------------------------------------
Beginning of batch-reaction calculations.
-----------------------------------------

Reaction step 1.

Using mix 7.	

Mixture 7.	

	  6.000e-01 Solution 1	Agua de Mar                                            
	  4.000e-01 Solution 2	Acuifero Calcareo                                      

-----------------------------Solution composition------------------------------

	Elements           Molality       Moles

	C                 3.603e-03   3.603e-03
	Ca                6.995e-03   6.995e-03
	Cl                3.028e-01   3.028e-01
	K                 6.625e-03   6.625e-03
	Mg                2.970e-02   2.970e-02
	Na                2.637e-01   2.637e-01
	S                 1.647e-02   1.647e-02

----------------------------Description of solution----------------------------

                                       pH  =   7.358      Charge balance
                                       pe  =  -1.702      Adjusted to redox equilibrium
      Specific Conductance (µS/cm,  25°C)  = 30922
                          Density (g/cm³)  =   1.01165
                               Volume (L)  =   1.00812
                        Viscosity (mPa s)  =   0.93002
                        Activity of water  =   0.989
                 Ionic strength (mol/kgw)  =   3.675e-01
                       Mass of water (kg)  =   1.000e+00
                 Total alkalinity (eq/kg)  =   3.446e-03
                       Total CO2 (mol/kg)  =   3.603e-03
                         Temperature (°C)  =  25.00
                  Electrical balance (eq)  =   4.556e-03
 Percent error, 100*(Cat-|An|)/(Cat+|An|)  =   0.69
                               Iterations  =  16
                                  Total H  = 1.110157e+02
                                  Total O  = 5.558262e+01

----------------------------Distribution of species----------------------------

                                               Log       Log       Log    mole V
   Species          Molality    Activity  Molality  Activity     Gamma   cm³/mol

   OH-             3.472e-07   2.283e-07    -6.459    -6.642    -0.182     -3.17
   H+              5.662e-08   4.388e-08    -7.247    -7.358    -0.111      0.00
   H2O             5.551e+01   9.895e-01     1.744    -0.005     0.000     18.07
C(-4)         2.577e-25
   CH4             2.577e-25   2.804e-25   -24.589   -24.552     0.037     35.46
C(4)          3.603e-03
   HCO3-           2.810e-03   1.994e-03    -2.551    -2.700    -0.149     25.46
   MgHCO3+         2.808e-04   1.889e-04    -3.552    -3.724    -0.172      5.77
   NaHCO3          2.726e-04   3.229e-04    -3.564    -3.491     0.074     31.73
   CO2             1.880e-04   1.988e-04    -3.726    -3.702     0.024     34.43
   CaHCO3+         1.915e-05   1.384e-05    -4.718    -4.859    -0.141    122.88
   MgCO3           1.513e-05   1.647e-05    -4.820    -4.783     0.037    -17.09
   CO3-2           8.404e-06   2.131e-06    -5.075    -5.671    -0.596     -1.51
   CaCO3           5.921e-06   6.443e-06    -5.228    -5.191     0.037    -14.60
   KHCO3           3.823e-06   3.854e-06    -5.418    -5.414     0.003     41.03
   (CO2)2          6.664e-10   7.252e-10    -9.176    -9.140     0.037     68.87
Ca            6.995e-03
   Ca+2            6.522e-03   1.800e-03    -2.186    -2.745    -0.559    -16.98
   CaSO4           4.487e-04   4.883e-04    -3.348    -3.311     0.037      7.50
   CaHCO3+         1.915e-05   1.384e-05    -4.718    -4.859    -0.141    122.88
   CaCO3           5.921e-06   6.443e-06    -5.228    -5.191     0.037    -14.60
   CaOH+           9.219e-09   6.736e-09    -8.035    -8.172    -0.136     (0)  
   CaHSO4+         1.928e-10   1.408e-10    -9.715    -9.851    -0.136     (0)  
Cl            3.028e-01
   Cl-             3.028e-01   2.032e-01    -0.519    -0.692    -0.173     18.60
   HCl             2.143e-09   3.072e-09    -8.669    -8.513     0.156     (0)  
H(0)          6.335e-15
   H2              3.168e-15   3.447e-15   -14.499   -14.462     0.037     28.61
K             6.625e-03
   K+              6.500e-03   4.328e-03    -2.187    -2.364    -0.177      9.47
   KSO4-           1.205e-04   1.005e-04    -3.919    -3.998    -0.079     13.42
   KHCO3           3.823e-06   3.854e-06    -5.418    -5.414     0.003     41.03
Mg            2.970e-02
   Mg+2            2.662e-02   8.098e-03    -1.575    -2.092    -0.517    -20.69
   MgSO4           2.731e-03   3.235e-03    -2.564    -2.490     0.074     -7.92
   MgHCO3+         2.808e-04   1.889e-04    -3.552    -3.724    -0.172      5.77
   Mg(SO4)2-2      5.133e-05   1.626e-05    -4.290    -4.789    -0.499     28.55
   MgCO3           1.513e-05   1.647e-05    -4.820    -4.783     0.037    -17.09
   MgOH+           9.043e-07   6.631e-07    -6.044    -6.178    -0.135     (0)  
Na            2.637e-01
   Na+             2.570e-01   1.860e-01    -0.590    -0.731    -0.140     -0.75
   NaSO4-          6.487e-03   4.619e-03    -2.188    -2.335    -0.148      3.35
   NaHCO3          2.726e-04   3.229e-04    -3.564    -3.491     0.074     31.73
O(0)          0.000e+00
   O2              0.000e+00   0.000e+00   -63.501   -63.464     0.037     30.40
S(-2)         3.287e-22
   HS-             2.669e-22   1.754e-22   -21.574   -21.756    -0.182     21.15
   H2S             6.184e-23   6.730e-23   -22.209   -22.172     0.037     36.27
   S-2             2.012e-27   4.829e-28   -26.696   -27.316    -0.620     (0)  
   (H2S)2          0.000e+00   0.000e+00   -45.659   -45.622     0.037     30.09
S(6)          1.647e-02
   SO4-2           6.575e-03   1.526e-03    -2.182    -2.817    -0.634     32.64
   NaSO4-          6.487e-03   4.619e-03    -2.188    -2.335    -0.148      3.35
   MgSO4           2.731e-03   3.235e-03    -2.564    -2.490     0.074     -7.92
   CaSO4           4.487e-04   4.883e-04    -3.348    -3.311     0.037      7.50
   KSO4-           1.205e-04   1.005e-04    -3.919    -3.998    -0.079     13.42
   Mg(SO4)2-2      5.133e-05   1.626e-05    -4.290    -4.789    -0.499     28.55
   HSO4-           8.907e-09   6.508e-09    -8.050    -8.187    -0.136     40.79
   CaHSO4+         1.928e-10   1.408e-10    -9.715    -9.851    -0.136     (0)  

------------------------------Saturation indices-------------------------------

  Phase               SI** log IAP   log K(298 K,   1 atm)

  Anhydrite        -1.28     -5.56   -4.28  CaSO4
  Aragonite        -0.08     -8.42   -8.34  CaCO3
  Arcanite         -5.66     -7.54   -1.88  K2SO4
  Calcite           0.06     -8.42   -8.48  CaCO3
  CH4(g)          -21.75    -24.55   -2.80  CH4
  CO2(g)           -2.23     -3.70   -1.47  CO2
  Dolomite          0.90    -16.18  -17.08  CaMg(CO3)2
  Epsomite         -3.20     -4.94   -1.74  MgSO4:7H2O
  Gypsum           -0.99     -5.57   -4.58  CaSO4:2H2O
  H2(g)           -11.36    -14.46   -3.10  H2
  H2O(g)           -1.51     -0.00    1.50  H2O
  H2S(g)          -21.18    -29.11   -7.94  H2S
  Halite           -2.99     -1.42    1.57  NaCl
  Hexahydrite      -3.37     -4.94   -1.57  MgSO4:6H2O
  Kieserite        -3.75     -4.91   -1.16  MgSO4:H2O
  Mirabilite       -3.08     -4.32   -1.24  Na2SO4:10H2O
  O2(g)           -60.57    -63.46   -2.89  O2
  Sulfur          -15.74    -10.86    4.88  S
  Sylvite          -3.96     -3.06    0.90  KCl
  Thenardite       -3.98     -4.28   -0.30  Na2SO4

**For a gas, SI = log10(fugacity). Fugacity = pressure * phi / 1 atm.
  For ideal gases, phi = 1.

------------------
End of simulation.
------------------

-------------------------------------
Reading input data for simulation 10.
-------------------------------------

	MIX 8
	 2 0.3
	 1 0.7
	 END
-----------------------------------------
Beginning of batch-reaction calculations.
-----------------------------------------

Reaction step 1.

Using mix 8.	

Mixture 8.	

	  7.000e-01 Solution 1	Agua de Mar                                            
	  3.000e-01 Solution 2	Acuifero Calcareo                                      

-----------------------------Solution composition------------------------------

	Elements           Molality       Moles

	C                 3.404e-03   3.404e-03
	Ca                7.828e-03   7.828e-03
	Cl                3.531e-01   3.531e-01
	K                 7.699e-03   7.699e-03
	Mg                3.452e-02   3.452e-02
	Na                3.076e-01   3.076e-01
	S                 1.921e-02   1.921e-02

----------------------------Description of solution----------------------------

                                       pH  =   7.518      Charge balance
                                       pe  =  -1.861      Adjusted to redox equilibrium
      Specific Conductance (µS/cm,  25°C)  = 35394
                          Density (g/cm³)  =   1.01397
                               Volume (L)  =   1.00900
                        Viscosity (mPa s)  =   0.93588
                        Activity of water  =   0.988
                 Ionic strength (mol/kgw)  =   4.268e-01
                       Mass of water (kg)  =   1.000e+00
                 Total alkalinity (eq/kg)  =   3.329e-03
                       Total CO2 (mol/kg)  =   3.404e-03
                         Temperature (°C)  =  25.00
                  Electrical balance (eq)  =   5.129e-03
 Percent error, 100*(Cat-|An|)/(Cat+|An|)  =   0.67
                               Iterations  =  17
                                  Total H  = 1.110155e+02
                                  Total O  = 5.559305e+01

----------------------------Distribution of species----------------------------

                                               Log       Log       Log    mole V
   Species          Molality    Activity  Molality  Activity     Gamma   cm³/mol

   OH-             5.106e-07   3.294e-07    -6.292    -6.482    -0.190     -3.06
   H+              3.943e-08   3.035e-08    -7.404    -7.518    -0.114      0.00
   H2O             5.551e+01   9.877e-01     1.744    -0.005     0.000     18.07
C(-4)         1.606e-25
   CH4             1.606e-25   1.772e-25   -24.794   -24.752     0.043     35.46
C(4)          3.404e-03
   HCO3-           2.632e-03   1.845e-03    -2.580    -2.734    -0.154     25.56
   MgHCO3+         3.009e-04   1.991e-04    -3.522    -3.701    -0.179      5.78
   NaHCO3          2.845e-04   3.463e-04    -3.546    -3.461     0.085     31.73
   CO2             1.194e-04   1.274e-04    -3.923    -3.895     0.028     34.43
   MgCO3           2.275e-05   2.509e-05    -4.643    -4.600     0.043    -17.09
   CaHCO3+         1.944e-05   1.390e-05    -4.711    -4.857    -0.146    122.89
   CO3-2           1.181e-05   2.851e-06    -4.928    -5.545    -0.617     -1.30
   CaCO3           8.478e-06   9.353e-06    -5.072    -5.029     0.043    -14.60
   KHCO3           4.038e-06   4.076e-06    -5.394    -5.390     0.004     41.03
   (CO2)2          2.702e-10   2.981e-10    -9.568    -9.526     0.043     68.87
Ca            7.828e-03
   Ca+2            7.298e-03   1.953e-03    -2.137    -2.709    -0.573    -16.91
   CaSO4           5.026e-04   5.545e-04    -3.299    -3.256     0.043      7.50
   CaHCO3+         1.944e-05   1.390e-05    -4.711    -4.857    -0.146    122.89
   CaCO3           8.478e-06   9.353e-06    -5.072    -5.029     0.043    -14.60
   CaOH+           1.444e-08   1.055e-08    -7.841    -7.977    -0.136     (0)  
   CaHSO4+         1.514e-10   1.106e-10    -9.820    -9.956    -0.136     (0)  
Cl            3.531e-01
   Cl-             3.531e-01   2.333e-01    -0.452    -0.632    -0.180     18.64
   HCl             1.605e-09   2.439e-09    -8.794    -8.613     0.182     (0)  
H(0)          6.221e-15
   H2              3.111e-15   3.432e-15   -14.507   -14.464     0.043     28.61
K             7.699e-03
   K+              7.553e-03   4.946e-03    -2.122    -2.306    -0.184      9.51
   KSO4-           1.422e-04   1.201e-04    -3.847    -3.920    -0.073     13.10
   KHCO3           4.038e-06   4.076e-06    -5.394    -5.390     0.004     41.03
Mg            3.452e-02
   Mg+2            3.096e-02   9.224e-03    -1.509    -2.035    -0.526    -20.63
   MgSO4           3.168e-03   3.856e-03    -2.499    -2.414     0.085     -7.92
   MgHCO3+         3.009e-04   1.991e-04    -3.522    -3.701    -0.179      5.78
   Mg(SO4)2-2      6.601e-05   2.028e-05    -4.180    -4.693    -0.513     29.60
   MgCO3           2.275e-05   2.509e-05    -4.643    -4.600     0.043    -17.09
   MgOH+           1.502e-06   1.090e-06    -5.823    -5.963    -0.139     (0)  
Na            3.076e-01
   Na+             2.993e-01   2.155e-01    -0.524    -0.666    -0.143     -0.69
   NaSO4-          7.964e-03   5.602e-03    -2.099    -2.252    -0.153      4.50
   NaHCO3          2.845e-04   3.463e-04    -3.546    -3.461     0.085     31.73
O(0)          0.000e+00
   O2              0.000e+00   0.000e+00   -63.504   -63.462     0.043     30.40
S(-2)         2.248e-22
   HS-             1.946e-22   1.256e-22   -21.711   -21.901    -0.190     21.19
   H2S             3.020e-23   3.332e-23   -22.520   -22.477     0.043     36.27
   S-2             2.196e-27   4.997e-28   -26.658   -27.301    -0.643     (0)  
   (H2S)2          0.000e+00   0.000e+00   -46.276   -46.233     0.043     30.09
S(6)          1.921e-02
   NaSO4-          7.964e-03   5.602e-03    -2.099    -2.252    -0.153      4.50
   SO4-2           7.298e-03   1.597e-03    -2.137    -2.797    -0.660     33.93
   MgSO4           3.168e-03   3.856e-03    -2.499    -2.414     0.085     -7.92
   CaSO4           5.026e-04   5.545e-04    -3.299    -3.256     0.043      7.50
   KSO4-           1.422e-04   1.201e-04    -3.847    -3.920    -0.073     13.10
   Mg(SO4)2-2      6.601e-05   2.028e-05    -4.180    -4.693    -0.513     29.60
   HSO4-           6.446e-09   4.711e-09    -8.191    -8.327    -0.136     40.83
   CaHSO4+         1.514e-10   1.106e-10    -9.820    -9.956    -0.136     (0)  

------------------------------Saturation indices-------------------------------

  Phase               SI** log IAP   log K(298 K,   1 atm)

  Anhydrite        -1.23     -5.51   -4.28  CaSO4
  Aragonite         0.08     -8.25   -8.34  CaCO3
  Arcanite         -5.53     -7.41   -1.88  K2SO4
  Calcite           0.23     -8.25   -8.48  CaCO3
  CH4(g)          -21.95    -24.75   -2.80  CH4
  CO2(g)           -2.43     -3.89   -1.47  CO2
  Dolomite          1.25    -15.83  -17.08  CaMg(CO3)2
  Epsomite         -3.13     -4.87   -1.74  MgSO4:7H2O
  Gypsum           -0.93     -5.52   -4.58  CaSO4:2H2O
  H2(g)           -11.36    -14.46   -3.10  H2
  H2O(g)           -1.51     -0.01    1.50  H2O
  H2S(g)          -21.48    -29.42   -7.94  H2S
  Halite           -2.87     -1.30    1.57  NaCl
  Hexahydrite      -3.30     -4.86   -1.57  MgSO4:6H2O
  Kieserite        -3.68     -4.84   -1.16  MgSO4:H2O
  Mirabilite       -2.94     -4.18   -1.24  Na2SO4:10H2O
  O2(g)           -60.57    -63.46   -2.89  O2
  Sulfur          -16.04    -11.16    4.88  S
  Sylvite          -3.84     -2.94    0.90  KCl
  Thenardite       -3.83     -4.13   -0.30  Na2SO4

**For a gas, SI = log10(fugacity). Fugacity = pressure * phi / 1 atm.
  For ideal gases, phi = 1.

------------------
End of simulation.
------------------

-------------------------------------
Reading input data for simulation 11.
-------------------------------------

	MIX 9
	 2 0.2
	 1 0.8
	 END
-----------------------------------------
Beginning of batch-reaction calculations.
-----------------------------------------

Reaction step 1.

Using mix 9.	

Mixture 9.	

	  8.000e-01 Solution 1	Agua de Mar                                            
	  2.000e-01 Solution 2	Acuifero Calcareo                                      

-----------------------------Solution composition------------------------------

	Elements           Molality       Moles

	C                 3.204e-03   3.204e-03
	Ca                8.662e-03   8.662e-03
	Cl                4.034e-01   4.034e-01
	K                 8.773e-03   8.773e-03
	Mg                3.935e-02   3.935e-02
	Na                3.514e-01   3.514e-01
	S                 2.195e-02   2.195e-02

----------------------------Description of solution----------------------------

                                       pH  =   7.736      Charge balance
                                       pe  =  10.127      Adjusted to redox equilibrium
      Specific Conductance (µS/cm,  25°C)  = 39762
                          Density (g/cm³)  =   1.01628
                               Volume (L)  =   1.00989
                        Viscosity (mPa s)  =   0.94180
                        Activity of water  =   0.986
                 Ionic strength (mol/kgw)  =   4.860e-01
                       Mass of water (kg)  =   1.000e+00
                 Total alkalinity (eq/kg)  =   3.212e-03
                       Total CO2 (mol/kg)  =   3.204e-03
                         Temperature (°C)  =  25.00
                  Electrical balance (eq)  =   5.702e-03
 Percent error, 100*(Cat-|An|)/(Cat+|An|)  =   0.66
                               Iterations  =  14
                                  Total H  = 1.110154e+02
                                  Total O  = 5.560348e+01

----------------------------Distribution of species----------------------------

                                               Log       Log       Log    mole V
   Species          Molality    Activity  Molality  Activity     Gamma   cm³/mol

   OH-             8.562e-07   5.435e-07    -6.067    -6.265    -0.197     -2.95
   H+              2.399e-08   1.836e-08    -7.620    -7.736    -0.116      0.00
   H2O             5.551e+01   9.860e-01     1.744    -0.006     0.000     18.07
C(-4)         0.000e+00
   CH4             0.000e+00   0.000e+00  -122.704  -122.656     0.049     35.46
C(4)          3.204e-03
   HCO3-           2.440e-03   1.692e-03    -2.613    -2.772    -0.159     25.67
   MgHCO3+         3.147e-04   2.053e-04    -3.502    -3.688    -0.186      5.79
   NaHCO3          2.890e-04   3.614e-04    -3.539    -3.442     0.097     31.73
   CO2             6.580e-05   7.084e-05    -4.182    -4.150     0.032     34.43
   MgCO3           3.824e-05   4.276e-05    -4.418    -4.369     0.049    -17.09
   CaHCO3+         1.944e-05   1.377e-05    -4.711    -4.861    -0.150    122.90
   CO3-2           1.869e-05   4.322e-06    -4.728    -5.364    -0.636     -1.10
   CaCO3           1.369e-05   1.532e-05    -4.863    -4.815     0.049    -14.60
   KHCO3           4.155e-06   4.199e-06    -5.381    -5.377     0.005     41.03
   (CO2)2          8.237e-11   9.212e-11   -10.084   -10.036     0.049     68.87
Ca            8.662e-03
   Ca+2            8.073e-03   2.110e-03    -2.093    -2.676    -0.583    -16.86
   CaSO4           5.555e-04   6.212e-04    -3.255    -3.207     0.049      7.50
   CaHCO3+         1.944e-05   1.377e-05    -4.711    -4.861    -0.150    122.90
   CaCO3           1.369e-05   1.532e-05    -4.863    -4.815     0.049    -14.60
   CaOH+           2.566e-08   1.880e-08    -7.591    -7.726    -0.135     (0)  
   CaHSO4+         1.023e-10   7.498e-11    -9.990   -10.125    -0.135     (0)  
Cl            4.034e-01
   Cl-             4.034e-01   2.629e-01    -0.394    -0.580    -0.186     18.68
   HCl             1.033e-09   1.663e-09    -8.986    -8.779     0.207     (0)  
H(0)          2.373e-39
   H2              1.186e-39   1.327e-39   -38.926   -38.877     0.049     28.61
K             8.773e-03
   K+              8.606e-03   5.555e-03    -2.065    -2.255    -0.190      9.55
   KSO4-           1.632e-04   1.400e-04    -3.787    -3.854    -0.067     12.74
   KHCO3           4.155e-06   4.199e-06    -5.381    -5.377     0.005     41.03
Mg            3.935e-02
   Mg+2            3.532e-02   1.037e-02    -1.452    -1.984    -0.532    -20.57
   MgSO4           3.595e-03   4.496e-03    -2.444    -2.347     0.097     -7.92
   MgHCO3+         3.147e-04   2.053e-04    -3.502    -3.688    -0.186      5.79
   Mg(SO4)2-2      8.188e-05   2.453e-05    -4.087    -4.610    -0.524     30.54
   MgCO3           3.824e-05   4.276e-05    -4.418    -4.369     0.049    -17.09
   MgOH+           2.809e-06   2.022e-06    -5.551    -5.694    -0.143     (0)  
Na            3.514e-01
   Na+             3.417e-01   2.453e-01    -0.466    -0.610    -0.144     -0.64
   NaSO4-          9.499e-03   6.612e-03    -2.022    -2.180    -0.157      5.53
   NaHCO3          2.890e-04   3.614e-04    -3.539    -3.442     0.097     31.73
O(0)          4.116e-15
   O2              2.058e-15   2.302e-15   -14.687   -14.638     0.049     30.40
S(-2)         0.000e+00
   HS-             0.000e+00   0.000e+00  -119.554  -119.751    -0.197     21.23
   H2S             0.000e+00   0.000e+00  -120.594  -120.546     0.049     36.27
   S-2             0.000e+00   0.000e+00  -124.270  -124.933    -0.663     (0)  
   (H2S)2          0.000e+00   0.000e+00  -242.418  -242.369     0.049     30.09
S(6)          2.195e-02
   NaSO4-          9.499e-03   6.612e-03    -2.022    -2.180    -0.157      5.53
   SO4-2           7.972e-03   1.656e-03    -2.098    -2.781    -0.682     35.13
   MgSO4           3.595e-03   4.496e-03    -2.444    -2.347     0.097     -7.92
   CaSO4           5.555e-04   6.212e-04    -3.255    -3.207     0.049      7.50
   KSO4-           1.632e-04   1.400e-04    -3.787    -3.854    -0.067     12.74
   Mg(SO4)2-2      8.188e-05   2.453e-05    -4.087    -4.610    -0.524     30.54
   HSO4-           4.036e-09   2.956e-09    -8.394    -8.529    -0.135     40.86
   CaHSO4+         1.023e-10   7.498e-11    -9.990   -10.125    -0.135     (0)  

------------------------------Saturation indices-------------------------------

  Phase               SI** log IAP   log K(298 K,   1 atm)

  Anhydrite        -1.18     -5.46   -4.28  CaSO4
  Aragonite         0.30     -8.04   -8.34  CaCO3
  Arcanite         -5.41     -7.29   -1.88  K2SO4
  Calcite           0.44     -8.04   -8.48  CaCO3
  CH4(g)         -119.85   -122.66   -2.80  CH4
  CO2(g)           -2.68     -4.15   -1.47  CO2
  Dolomite          1.70    -15.39  -17.08  CaMg(CO3)2
  Epsomite         -3.07     -4.81   -1.74  MgSO4:7H2O
  Gypsum           -0.89     -5.47   -4.58  CaSO4:2H2O
  H2(g)           -35.78    -38.88   -3.10  H2
  H2O(g)           -1.51     -0.01    1.50  H2O
  H2S(g)         -119.55   -127.49   -7.94  H2S
  Halite           -2.76     -1.19    1.57  NaCl
  Hexahydrite      -3.24     -4.80   -1.57  MgSO4:6H2O
  Kieserite        -3.61     -4.77   -1.16  MgSO4:H2O
  Mirabilite       -2.82     -4.06   -1.24  Na2SO4:10H2O
  O2(g)           -11.75    -14.64   -2.89  O2
  Sulfur          -89.70    -84.82    4.88  S
  Sylvite          -3.74     -2.84    0.90  KCl
  Thenardite       -3.70     -4.00   -0.30  Na2SO4

**For a gas, SI = log10(fugacity). Fugacity = pressure * phi / 1 atm.
  For ideal gases, phi = 1.

------------------
End of simulation.
------------------

-------------------------------------
Reading input data for simulation 12.
-------------------------------------

	MIX 10
	 2 0.1
	 1 0.9
	 END
-----------------------------------------
Beginning of batch-reaction calculations.
-----------------------------------------

Reaction step 1.

Using mix 10.	

Mixture 10.	

	  9.000e-01 Solution 1	Agua de Mar                                            
	  1.000e-01 Solution 2	Acuifero Calcareo                                      

-----------------------------Solution composition------------------------------

	Elements           Molality       Moles

	C                 3.004e-03   3.004e-03
	Ca                9.495e-03   9.495e-03
	Cl                4.537e-01   4.537e-01
	K                 9.847e-03   9.847e-03
	Mg                4.418e-02   4.418e-02
	Na                3.953e-01   3.953e-01
	S                 2.469e-02   2.469e-02

----------------------------Description of solution----------------------------

                                       pH  =   7.974      Charge balance
                                       pe  =  -2.306      Adjusted to redox equilibrium
      Specific Conductance (µS/cm,  25°C)  = 44032
                          Density (g/cm³)  =   1.01858
                               Volume (L)  =   1.01079
                        Viscosity (mPa s)  =   0.94778
                        Activity of water  =   0.984
                 Ionic strength (mol/kgw)  =   5.451e-01
                       Mass of water (kg)  =   1.000e+00
                 Total alkalinity (eq/kg)  =   3.095e-03
                       Total CO2 (mol/kg)  =   3.004e-03
                         Temperature (°C)  =  25.00
                  Electrical balance (eq)  =   6.275e-03
 Percent error, 100*(Cat-|An|)/(Cat+|An|)  =   0.64
                               Iterations  =  14
                                  Total H  = 1.110152e+02
                                  Total O  = 5.561391e+01

----------------------------Distribution of species----------------------------

                                               Log       Log       Log    mole V
   Species          Molality    Activity  Molality  Activity     Gamma   cm³/mol

   OH-             1.500e-06   9.385e-07    -5.824    -6.028    -0.204     -2.85
   H+              1.394e-08   1.062e-08    -7.856    -7.974    -0.118      0.00
   H2O             5.551e+01   9.843e-01     1.744    -0.007     0.000     18.07
C(-4)         3.768e-26
   CH4             3.768e-26   4.271e-26   -25.424   -25.369     0.055     35.46
C(4)          3.004e-03
   HCO3-           2.223e-03   1.527e-03    -2.653    -2.816    -0.163     25.77
   MgHCO3+         3.202e-04   2.062e-04    -3.495    -3.686    -0.191      5.80
   NaHCO3          2.848e-04   3.661e-04    -3.545    -3.436     0.109     31.73
   MgCO3           6.553e-05   7.429e-05    -4.184    -4.129     0.055    -17.09
   CO2             3.409e-05   3.703e-05    -4.467    -4.431     0.036     34.43
   CO3-2           3.029e-05   6.747e-06    -4.519    -5.171    -0.652     -0.90
   CaCO3           2.269e-05   2.572e-05    -4.644    -4.590     0.055    -14.60
   CaHCO3+         1.903e-05   1.337e-05    -4.721    -4.874    -0.153    122.91
   KHCO3           4.152e-06   4.201e-06    -5.382    -5.377     0.005     41.03
   (CO2)2          2.220e-11   2.517e-11   -10.654   -10.599     0.055     68.87
Ca            9.495e-03
   Ca+2            8.845e-03   2.269e-03    -2.053    -2.644    -0.591    -16.80
   CaSO4           6.075e-04   6.887e-04    -3.216    -3.162     0.055      7.50
   CaCO3           2.269e-05   2.572e-05    -4.644    -4.590     0.055    -14.60
   CaHCO3+         1.903e-05   1.337e-05    -4.721    -4.874    -0.153    122.91
   CaOH+           4.746e-08   3.492e-08    -7.324    -7.457    -0.133     (0)  
   CaHSO4+         6.531e-11   4.806e-11   -10.185   -10.318    -0.133     (0)  
Cl            4.537e-01
   Cl-             4.537e-01   2.923e-01    -0.343    -0.534    -0.191     18.72
   HCl             6.265e-10   1.069e-09    -9.203    -8.971     0.232     (0)  
H(0)          5.768e-15
   H2              2.884e-15   3.270e-15   -14.540   -14.486     0.055     28.61
K             9.847e-03
   K+              9.660e-03   6.159e-03    -2.015    -2.211    -0.195      9.59
   KSO4-           1.834e-04   1.599e-04    -3.737    -3.796    -0.059     12.34
   KHCO3           4.152e-06   4.201e-06    -5.382    -5.377     0.005     41.03
Mg            4.418e-02
   Mg+2            3.967e-02   1.154e-02    -1.401    -1.938    -0.536    -20.52
   MgSO4           4.011e-03   5.156e-03    -2.397    -2.288     0.109     -7.92
   MgHCO3+         3.202e-04   2.062e-04    -3.495    -3.686    -0.191      5.80
   Mg(SO4)2-2      9.882e-05   2.898e-05    -4.005    -4.538    -0.533     31.37
   MgCO3           6.553e-05   7.429e-05    -4.184    -4.129     0.055    -17.09
   MgOH+           5.439e-06   3.885e-06    -5.265    -5.411    -0.146     (0)  
Na            3.953e-01
   Na+             3.839e-01   2.752e-01    -0.416    -0.560    -0.145     -0.60
   NaSO4-          1.109e-02   7.646e-03    -1.955    -2.117    -0.161      6.46
   NaHCO3          2.848e-04   3.661e-04    -3.545    -3.436     0.109     31.73
O(0)          0.000e+00
   O2              0.000e+00   0.000e+00   -63.477   -63.423     0.055     30.40
S(-2)         6.590e-23
   HS-             6.269e-23   3.922e-23   -22.203   -22.406    -0.204     21.27
   H2S             3.211e-24   3.640e-24   -23.493   -23.439     0.055     36.27
   S-2             2.139e-27   4.462e-28   -26.670   -27.350    -0.681     (0)  
   (H2S)2          0.000e+00   0.000e+00   -48.210   -48.156     0.055     30.09
S(6)          2.469e-02
   NaSO4-          1.109e-02   7.646e-03    -1.955    -2.117    -0.161      6.46
   SO4-2           8.603e-03   1.707e-03    -2.065    -2.768    -0.703     36.25
   MgSO4           4.011e-03   5.156e-03    -2.397    -2.288     0.109     -7.92
   CaSO4           6.075e-04   6.887e-04    -3.216    -3.162     0.055      7.50
   KSO4-           1.834e-04   1.599e-04    -3.737    -3.796    -0.059     12.34
   Mg(SO4)2-2      9.882e-05   2.898e-05    -4.005    -4.538    -0.533     31.37
   HSO4-           2.394e-09   1.761e-09    -8.621    -8.754    -0.133     40.90
   CaHSO4+         6.531e-11   4.806e-11   -10.185   -10.318    -0.133     (0)  

------------------------------Saturation indices-------------------------------

  Phase               SI** log IAP   log K(298 K,   1 atm)

  Anhydrite        -1.13     -5.41   -4.28  CaSO4
  Aragonite         0.52     -7.81   -8.34  CaCO3
  Arcanite         -5.31     -7.19   -1.88  K2SO4
  Calcite           0.66     -7.81   -8.48  CaCO3
  CH4(g)          -22.57    -25.37   -2.80  CH4
  CO2(g)           -2.96     -4.43   -1.47  CO2
  Dolomite          2.16    -14.92  -17.08  CaMg(CO3)2
  Epsomite         -3.02     -4.75   -1.74  MgSO4:7H2O
  Gypsum           -0.84     -5.43   -4.58  CaSO4:2H2O
  H2(g)           -11.38    -14.49   -3.10  H2
  H2O(g)           -1.51     -0.01    1.50  H2O
  H2S(g)          -22.44    -30.38   -7.94  H2S
  Halite           -2.66     -1.09    1.57  NaCl
  Hexahydrite      -3.18     -4.75   -1.57  MgSO4:6H2O
  Kieserite        -3.55     -4.71   -1.16  MgSO4:H2O
  Mirabilite       -2.72     -3.96   -1.24  Na2SO4:10H2O
  O2(g)           -60.53    -63.42   -2.89  O2
  Sulfur          -16.99    -12.10    4.88  S
  Sylvite          -3.64     -2.74    0.90  KCl
  Thenardite       -3.59     -3.89   -0.30  Na2SO4

**For a gas, SI = log10(fugacity). Fugacity = pressure * phi / 1 atm.
  For ideal gases, phi = 1.

------------------
End of simulation.
------------------

-------------------------------------
Reading input data for simulation 13.
-------------------------------------

	MIX 11
	 2 0.0
	 1 1.0
	 END
-----------------------------------------
Beginning of batch-reaction calculations.
-----------------------------------------

Reaction step 1.

Using mix 11.	

Mixture 11.	

	  1.000e+00 Solution 1	Agua de Mar                                            
	  0.000e+00 Solution 2	Acuifero Calcareo                                      

-----------------------------Solution composition------------------------------

	Elements           Molality       Moles

	C                 2.804e-03   2.804e-03
	Ca                1.033e-02   1.033e-02
	Cl                5.040e-01   5.040e-01
	K                 1.092e-02   1.092e-02
	Mg                4.900e-02   4.900e-02
	Na                4.391e-01   4.391e-01
	S                 2.743e-02   2.743e-02

----------------------------Description of solution----------------------------

                                       pH  =   8.180      Charge balance
                                       pe  =  -2.506      Adjusted to redox equilibrium
      Specific Conductance (µS/cm,  25°C)  = 48211
                          Density (g/cm³)  =   1.02086
                               Volume (L)  =   1.01170
                        Viscosity (mPa s)  =   0.95383
                        Activity of water  =   0.983
                 Ionic strength (mol/kgw)  =   6.041e-01
                       Mass of water (kg)  =   1.000e+00
                 Total alkalinity (eq/kg)  =   2.978e-03
                       Total CO2 (mol/kg)  =   2.804e-03
                         Temperature (°C)  =  25.00
                  Electrical balance (eq)  =   6.848e-03
 Percent error, 100*(Cat-|An|)/(Cat+|An|)  =   0.63
                               Iterations  =  14
                                  Total H  = 1.110151e+02
                                  Total O  = 5.562434e+01

----------------------------Distribution of species----------------------------

                                               Log       Log       Log    mole V
   Species          Molality    Activity  Molality  Activity     Gamma   cm³/mol

   OH-             2.438e-06   1.505e-06    -5.613    -5.822    -0.209     -2.75
   H+              8.714e-09   6.607e-09    -8.060    -8.180    -0.120      0.00
   H2O             5.551e+01   9.826e-01     1.744    -0.008     0.000     18.07
C(-4)         1.846e-26
   CH4             1.846e-26   2.121e-26   -25.734   -25.673     0.060     35.46
C(4)          2.804e-03
   HCO3-           1.991e-03   1.357e-03    -2.701    -2.868    -0.167     25.88
   MgHCO3+         3.176e-04   2.022e-04    -3.498    -3.694    -0.196      5.81
   NaHCO3          2.733e-04   3.609e-04    -3.563    -3.443     0.121     31.73
   MgCO3           1.019e-04   1.171e-04    -3.992    -3.932     0.060    -17.09
   CO3-2           4.469e-05   9.630e-06    -4.350    -5.016    -0.667     -0.72
   CaCO3           3.425e-05   3.936e-05    -4.465    -4.405     0.060    -14.60
   CO2             1.871e-05   2.051e-05    -4.728    -4.688     0.040     34.43
   CaHCO3+         1.826e-05   1.273e-05    -4.739    -4.895    -0.157    122.92
   KHCO3           4.041e-06   4.094e-06    -5.394    -5.388     0.006     41.03
   (CO2)2          6.719e-12   7.721e-12   -11.173   -11.112     0.060     68.87
Ca            1.033e-02
   Ca+2            9.616e-03   2.433e-03    -2.017    -2.614    -0.597    -16.75
   CaSO4           6.588e-04   7.571e-04    -3.181    -3.121     0.060      7.50
   CaCO3           3.425e-05   3.936e-05    -4.465    -4.405     0.060    -14.60
   CaHCO3+         1.826e-05   1.273e-05    -4.739    -4.895    -0.157    122.92
   CaOH+           8.113e-08   6.005e-08    -7.091    -7.221    -0.131     (0)  
   CaHSO4+         4.442e-11   3.288e-11   -10.352   -10.483    -0.131     (0)  
Cl            5.040e-01
   Cl-             5.040e-01   3.214e-01    -0.298    -0.493    -0.195     18.75
   HCl             4.046e-10   7.314e-10    -9.393    -9.136     0.257     (0)  
H(0)          5.532e-15
   H2              2.766e-15   3.179e-15   -14.558   -14.498     0.060     28.61
K             1.092e-02
   K+              1.071e-02   6.756e-03    -1.970    -2.170    -0.200      9.62
   KSO4-           2.027e-04   1.799e-04    -3.693    -3.745    -0.052     11.90
   KHCO3           4.041e-06   4.094e-06    -5.394    -5.388     0.006     41.03
Mg            4.900e-02
   Mg+2            4.404e-02   1.274e-02    -1.356    -1.895    -0.539    -20.47
   MgSO4           4.419e-03   5.836e-03    -2.355    -2.234     0.121     -7.92
   MgHCO3+         3.176e-04   2.022e-04    -3.498    -3.694    -0.196      5.81
   Mg(SO4)2-2      1.168e-04   3.364e-05    -3.933    -4.473    -0.541     32.13
   MgCO3           1.019e-04   1.171e-04    -3.992    -3.932     0.060    -17.09
   MgOH+           9.695e-06   6.878e-06    -5.013    -5.163    -0.149     (0)  
Na            4.391e-01
   Na+             4.262e-01   3.055e-01    -0.370    -0.515    -0.145     -0.55
   NaSO4-          1.272e-02   8.701e-03    -1.896    -2.060    -0.165      7.32
   NaHCO3          2.733e-04   3.609e-04    -3.563    -3.443     0.121     31.73
O(0)          0.000e+00
   O2              0.000e+00   0.000e+00   -63.460   -63.400     0.060     30.40
S(-2)         3.760e-23
   HS-             3.647e-23   2.252e-23   -22.438   -22.647    -0.209     21.31
   H2S             1.132e-24   1.301e-24   -23.946   -23.886     0.060     36.27
   S-2             2.047e-27   4.117e-28   -26.689   -27.385    -0.697     (0)  
   (H2S)2          0.000e+00   0.000e+00   -49.110   -49.050     0.060     30.09
S(6)          2.743e-02
   NaSO4-          1.272e-02   8.701e-03    -1.896    -2.060    -0.165      7.32
   SO4-2           9.197e-03   1.750e-03    -2.036    -2.757    -0.721     37.30
   MgSO4           4.419e-03   5.836e-03    -2.355    -2.234     0.121     -7.92
   CaSO4           6.588e-04   7.571e-04    -3.181    -3.121     0.060      7.50
   KSO4-           2.027e-04   1.799e-04    -3.693    -3.745    -0.052     11.90
   Mg(SO4)2-2      1.168e-04   3.364e-05    -3.933    -4.473    -0.541     32.13
   HSO4-           1.518e-09   1.124e-09    -8.819    -8.949    -0.131     40.93
   CaHSO4+         4.442e-11   3.288e-11   -10.352   -10.483    -0.131     (0)  

------------------------------Saturation indices-------------------------------

  Phase               SI** log IAP   log K(298 K,   1 atm)

  Anhydrite        -1.09     -5.37   -4.28  CaSO4
  Aragonite         0.71     -7.63   -8.34  CaCO3
  Arcanite         -5.22     -7.10   -1.88  K2SO4
  Calcite           0.85     -7.63   -8.48  CaCO3
  CH4(g)          -22.87    -25.67   -2.80  CH4
  CO2(g)           -3.22     -4.69   -1.47  CO2
  Dolomite          2.54    -14.54  -17.08  CaMg(CO3)2
  Epsomite         -2.97     -4.71   -1.74  MgSO4:7H2O
  Gypsum           -0.80     -5.39   -4.58  CaSO4:2H2O
  H2(g)           -11.40    -14.50   -3.10  H2
  H2O(g)           -1.51     -0.01    1.50  H2O
  H2S(g)          -22.89    -30.83   -7.94  H2S
  Halite           -2.58     -1.01    1.57  NaCl
  Hexahydrite      -3.13     -4.70   -1.57  MgSO4:6H2O
  Kieserite        -3.50     -4.66   -1.16  MgSO4:H2O
  Mirabilite       -2.62     -3.86   -1.24  Na2SO4:10H2O
  O2(g)           -60.51    -63.40   -2.89  O2
  Sulfur          -17.42    -12.54    4.88  S
  Sylvite          -3.56     -2.66    0.90  KCl
  Thenardite       -3.49     -3.79   -0.30  Na2SO4

**For a gas, SI = log10(fugacity). Fugacity = pressure * phi / 1 atm.
  For ideal gases, phi = 1.

------------------
End of simulation.
------------------

-------------------------------------
Reading input data for simulation 14.
-------------------------------------

------------------------------
End of Run after 0.01 Seconds.
------------------------------

