   Input file: acuifero.in
  Output file: salida_acuifero.out
Database file: phreeqc.dat

------------------
Reading data base.
------------------

	SOLUTION_MASTER_SPECIES
	SOLUTION_SPECIES
	PHASES
	GAS_BINARY_PARAMETERS
	EXCHANGE_MASTER_SPECIES
	EXCHANGE_SPECIES
	SURFACE_MASTER_SPECIES
	SURFACE_SPECIES
	MEAN_GAMMAS
	RATES
	END
------------------------------------
Reading input data for simulation 1.
------------------------------------

	TITLE Acuífero detrítico
	SELECTED_OUTPUT 1
	    file resultados_acuifero.csv
	    reset false
	    state true
	    molalities CaX2 NaX KX MgX2
	SOLUTION 1
	    pH 8.22
	    Na 48.5
	 K 1.06
	 Mg 5.51
	 Ca 1.07
	    Cl 56.6
	 Alkalinity 0.24
	 S(6) 2.93
	EXCHANGE 1
	    CaX2   0.03   #Ca intercambiable
	END
-----
TITLE
-----

 Acuífero detrítico

-------------------------------------------
Beginning of initial solution calculations.
-------------------------------------------

Initial solution 1.	

-----------------------------Solution composition------------------------------

	Elements           Molality       Moles

	Alkalinity        2.400e-04   2.400e-04
	Ca                1.070e-03   1.070e-03
	Cl                5.660e-02   5.660e-02
	K                 1.060e-03   1.060e-03
	Mg                5.510e-03   5.510e-03
	Na                4.850e-02   4.850e-02
	S(6)              2.930e-03   2.930e-03

----------------------------Description of solution----------------------------

                                       pH  =   8.220    
                                       pe  =   4.000    
      Specific Conductance (µS/cm,  25°C)  = 6630
                          Density (g/cm³)  =   0.99977
                               Volume (L)  =   1.00387
                        Viscosity (mPa s)  =   0.89790
                        Activity of water  =   0.998
                 Ionic strength (mol/kgw)  =   6.898e-02
                       Mass of water (kg)  =   1.000e+00
                    Total carbon (mol/kg)  =   2.316e-04
                       Total CO2 (mol/kg)  =   2.316e-04
                         Temperature (°C)  =  25.00
                  Electrical balance (eq)  =   2.000e-05
 Percent error, 100*(Cat-|An|)/(Cat+|An|)  =   0.02
                               Iterations  =   4
                                  Total H  = 1.110127e+02
                                  Total O  = 5.551863e+01

----------------------------Distribution of species----------------------------

                                               Log       Log       Log    mole V
   Species          Molality    Activity  Molality  Activity     Gamma   cm³/mol

   OH-             2.125e-06   1.676e-06    -5.673    -5.776    -0.103     -3.82
   H+              7.168e-09   6.026e-09    -8.145    -8.220    -0.075      0.00
   H2O             5.551e+01   9.980e-01     1.744    -0.001     0.000     18.07
C(4)          2.316e-04
   HCO3-           2.108e-04   1.708e-04    -3.676    -3.768    -0.091     24.85
   MgHCO3+         5.685e-06   4.520e-06    -5.245    -5.345    -0.100      5.63
   NaHCO3          5.567e-06   5.747e-06    -5.254    -5.241     0.014     31.73
   CO3-2           3.084e-06   1.329e-06    -5.511    -5.876    -0.366     -3.01
   MgCO3           2.824e-06   2.869e-06    -5.549    -5.542     0.007    -17.09
   CO2             2.294e-06   2.318e-06    -5.639    -5.635     0.005     34.43
   CaCO3           9.625e-07   9.779e-07    -6.017    -6.010     0.007    -14.60
   CaHCO3+         3.535e-07   2.885e-07    -6.452    -6.540    -0.088    122.78
   KHCO3           6.317e-08   6.326e-08    -7.199    -7.199     0.001     41.03
   (CO2)2          9.711e-14   9.867e-14   -13.013   -13.006     0.007     68.87
Ca            1.070e-03
   Ca+2            1.010e-03   4.379e-04    -2.996    -3.359    -0.363    -17.54
   CaSO4           5.864e-05   5.958e-05    -4.232    -4.225     0.007      7.50
   CaCO3           9.625e-07   9.779e-07    -6.017    -6.010     0.007    -14.60
   CaHCO3+         3.535e-07   2.885e-07    -6.452    -6.540    -0.088    122.78
   CaOH+           1.500e-08   1.204e-08    -7.824    -7.919    -0.096     (0)  
   CaHSO4+         2.940e-12   2.360e-12   -11.532   -11.627    -0.096     (0)  
Cl            5.660e-02
   Cl-             5.660e-02   4.487e-02    -1.247    -1.348    -0.101     18.29
   HCl             8.705e-11   9.314e-11   -10.060   -10.031     0.029     (0)  
H(0)          5.060e-28
   H2              2.530e-28   2.570e-28   -27.597   -27.590     0.007     28.61
K             1.060e-03
   K+              1.048e-03   8.292e-04    -2.979    -3.081    -0.102      9.20
   KSO4-           1.156e-05   9.653e-06    -4.937    -5.015    -0.078     14.24
   KHCO3           6.317e-08   6.326e-08    -7.199    -7.199     0.001     41.03
Mg            5.510e-03
   Mg+2            5.059e-03   2.262e-03    -2.296    -2.646    -0.350    -21.24
   MgSO4           4.389e-04   4.530e-04    -3.358    -3.344     0.014     -7.92
   MgHCO3+         5.685e-06   4.520e-06    -5.245    -5.345    -0.100      5.63
   MgCO3           2.824e-06   2.869e-06    -5.549    -5.542     0.007    -17.09
   Mg(SO4)2-2      2.445e-06   1.142e-06    -5.612    -5.942    -0.331     17.74
   MgOH+           1.657e-06   1.360e-06    -5.781    -5.866    -0.086     (0)  
Na            4.850e-02
   Na+             4.790e-02   3.863e-02    -1.320    -1.413    -0.093     -1.16
   NaSO4-          5.930e-04   4.811e-04    -3.227    -3.318    -0.091     -7.14
   NaHCO3          5.567e-06   5.747e-06    -5.254    -5.241     0.014     31.73
O(0)          1.237e-37
   O2              6.186e-38   6.285e-38   -37.209   -37.202     0.007     30.40
S(6)          2.930e-03
   SO4-2           1.823e-03   7.651e-04    -2.739    -3.116    -0.377     22.88
   NaSO4-          5.930e-04   4.811e-04    -3.227    -3.318    -0.091     -7.14
   MgSO4           4.389e-04   4.530e-04    -3.358    -3.344     0.014     -7.92
   CaSO4           5.864e-05   5.958e-05    -4.232    -4.225     0.007      7.50
   KSO4-           1.156e-05   9.653e-06    -4.937    -5.015    -0.078     14.24
   Mg(SO4)2-2      2.445e-06   1.142e-06    -5.612    -5.942    -0.331     17.74
   HSO4-           5.585e-10   4.482e-10    -9.253    -9.349    -0.096     40.49
   CaHSO4+         2.940e-12   2.360e-12   -11.532   -11.627    -0.096     (0)  

------------------------------Saturation indices-------------------------------

  Phase               SI** log IAP   log K(298 K,   1 atm)

  Anhydrite        -2.20     -6.47   -4.28  CaSO4
  Aragonite        -0.90     -9.23   -8.34  CaCO3
  Arcanite         -7.40     -9.28   -1.88  K2SO4
  Calcite          -0.76     -9.23   -8.48  CaCO3
  CO2(g)           -4.17     -5.63   -1.47  CO2
  Dolomite         -0.67    -17.76  -17.08  CaMg(CO3)2
  Epsomite         -4.03     -5.77   -1.74  MgSO4:7H2O
  Gypsum           -1.89     -6.48   -4.58  CaSO4:2H2O
  H2(g)           -24.49    -27.59   -3.10  H2
  H2O(g)           -1.50     -0.00    1.50  H2O
  Halite           -4.33     -2.76    1.57  NaCl
  Hexahydrite      -4.20     -5.77   -1.57  MgSO4:6H2O
  Kieserite        -4.60     -5.76   -1.16  MgSO4:H2O
  Mirabilite       -4.71     -5.95   -1.24  Na2SO4:10H2O
  O2(g)           -34.31    -37.20   -2.89  O2
  Sylvite          -5.33     -4.43    0.90  KCl
  Thenardite       -5.64     -5.94   -0.30  Na2SO4

**For a gas, SI = log10(fugacity). Fugacity = pressure * phi / 1 atm.
  For ideal gases, phi = 1.

-----------------------------------------
Beginning of batch-reaction calculations.
-----------------------------------------

Reaction step 1.

Using solution 1.	
Using exchange 1.	

-----------------------------Exchange composition------------------------------

X                6.000e-02 mol

	                               Equiv-    Equivalent      Log 
	Species             Moles      alents      Fraction     Gamma

	CaX2              2.206e-02   4.411e-02   7.352e-01    -0.370
	NaX               8.716e-03   8.716e-03   1.453e-01    -0.095
	MgX2              3.309e-03   6.617e-03   1.103e-01    -0.356
	KX                5.551e-04   5.551e-04   9.252e-03    -0.104

-----------------------------Solution composition------------------------------

	Elements           Molality       Moles

	C                 2.316e-04   2.316e-04
	Ca                9.014e-03   9.014e-03
	Cl                5.660e-02   5.660e-02
	K                 5.049e-04   5.049e-04
	Mg                2.201e-03   2.201e-03
	Na                3.978e-02   3.978e-02
	S                 2.930e-03   2.930e-03

----------------------------Description of solution----------------------------

                                       pH  =   8.099      Charge balance
                                       pe  =  -2.447      Adjusted to redox equilibrium
      Specific Conductance (µS/cm,  25°C)  = 6681
                          Density (g/cm³)  =   0.99984
                               Volume (L)  =   1.00381
                        Viscosity (mPa s)  =   0.89827
                        Activity of water  =   0.998
                 Ionic strength (mol/kgw)  =   7.329e-02
                       Mass of water (kg)  =   1.000e+00
                 Total alkalinity (eq/kg)  =   2.400e-04
                       Total CO2 (mol/kg)  =   2.316e-04
                         Temperature (°C)  =  25.00
                  Electrical balance (eq)  =   2.000e-05
 Percent error, 100*(Cat-|An|)/(Cat+|An|)  =   0.02
                               Iterations  =  14
                                  Total H  = 1.110127e+02
                                  Total O  = 5.551863e+01

----------------------------Distribution of species----------------------------

                                               Log       Log       Log    mole V
   Species          Molality    Activity  Molality  Activity     Gamma   cm³/mol

   OH-             1.616e-06   1.268e-06    -5.792    -5.897    -0.105     -3.80
   H+              9.506e-09   7.967e-09    -8.022    -8.099    -0.077      0.00
   H2O             5.551e+01   9.981e-01     1.744    -0.001     0.000     18.07
C(-4)         4.526e-27
   CH4             4.526e-27   4.603e-27   -26.344   -26.337     0.007     35.46
C(4)          2.316e-04
   HCO3-           2.098e-04   1.692e-04    -3.678    -3.772    -0.093     24.86
   CaCO3           5.985e-06   6.087e-06    -5.223    -5.216     0.007    -14.60
   NaHCO3          4.497e-06   4.652e-06    -5.347    -5.332     0.015     31.73
   CO2             3.003e-06   3.037e-06    -5.522    -5.518     0.005     34.43
   CaHCO3+         2.921e-06   2.374e-06    -5.534    -5.624    -0.090    122.78
   CO3-2           2.352e-06   9.961e-07    -5.629    -6.002    -0.373     -2.98
   MgHCO3+         2.236e-06   1.769e-06    -5.651    -5.752    -0.102      5.64
   MgCO3           8.348e-07   8.490e-07    -6.078    -6.071     0.007    -17.09
   KHCO3           2.966e-08   2.970e-08    -7.528    -7.527     0.001     41.03
   (CO2)2          1.665e-13   1.693e-13   -12.779   -12.771     0.007     68.87
Ca            9.014e-03
   Ca+2            8.532e-03   3.638e-03    -2.069    -2.439    -0.370    -17.52
   CaSO4           4.735e-04   4.816e-04    -3.325    -3.317     0.007      7.50
   CaCO3           5.985e-06   6.087e-06    -5.223    -5.216     0.007    -14.60
   CaHCO3+         2.921e-06   2.374e-06    -5.534    -5.624    -0.090    122.78
   CaOH+           9.465e-08   7.563e-08    -7.024    -7.121    -0.097     (0)  
   CaHSO4+         3.156e-11   2.522e-11   -10.501   -10.598    -0.097     (0)  
Cl            5.660e-02
   Cl-             5.660e-02   4.464e-02    -1.247    -1.350    -0.103     18.30
   HCl             1.140e-10   1.225e-10    -9.943    -9.912     0.031     (0)  
H(0)          6.932e-15
   H2              3.466e-15   3.525e-15   -14.460   -14.453     0.007     28.61
K             5.049e-04
   K+              4.995e-04   3.930e-04    -3.301    -3.406    -0.104      9.21
   KSO4-           5.343e-06   4.451e-06    -5.272    -5.352    -0.079     14.24
   KHCO3           2.966e-08   2.970e-08    -7.528    -7.527     0.001     41.03
Mg            2.201e-03
   Mg+2            2.028e-03   8.932e-04    -2.693    -3.049    -0.356    -21.22
   MgSO4           1.683e-04   1.741e-04    -3.774    -3.759     0.015     -7.92
   MgHCO3+         2.236e-06   1.769e-06    -5.651    -5.752    -0.102      5.64
   Mg(SO4)2-2      9.274e-07   4.269e-07    -6.033    -6.370    -0.337     18.11
   MgCO3           8.348e-07   8.490e-07    -6.078    -6.071     0.007    -17.09
   MgOH+           4.969e-07   4.063e-07    -6.304    -6.391    -0.087     (0)  
Na            3.978e-02
   Na+             3.931e-02   3.156e-02    -1.406    -1.501    -0.095     -1.15
   NaSO4-          4.735e-04   3.825e-04    -3.325    -3.417    -0.093     -6.83
   NaHCO3          4.497e-06   4.652e-06    -5.347    -5.332     0.015     31.73
O(0)          0.000e+00
   O2              0.000e+00   0.000e+00   -63.483   -63.476     0.007     30.40
S(-2)         2.203e-23
   HS-             2.091e-23   1.641e-23   -22.680   -22.785    -0.105     20.83
   H2S             1.124e-24   1.143e-24   -23.949   -23.942     0.007     36.27
   S-2             5.999e-28   2.487e-28   -27.222   -27.604    -0.382     (0)  
   (H2S)2          0.000e+00   0.000e+00   -49.169   -49.162     0.007     30.09
S(6)          2.930e-03
   SO4-2           1.807e-03   7.444e-04    -2.743    -3.128    -0.385     23.12
   NaSO4-          4.735e-04   3.825e-04    -3.325    -3.417    -0.093     -6.83
   CaSO4           4.735e-04   4.816e-04    -3.325    -3.317     0.007      7.50
   MgSO4           1.683e-04   1.741e-04    -3.774    -3.759     0.015     -7.92
   KSO4-           5.343e-06   4.451e-06    -5.272    -5.352    -0.079     14.24
   Mg(SO4)2-2      9.274e-07   4.269e-07    -6.033    -6.370    -0.337     18.11
   HSO4-           7.217e-10   5.767e-10    -9.142    -9.239    -0.097     40.50
   CaHSO4+         3.156e-11   2.522e-11   -10.501   -10.598    -0.097     (0)  

------------------------------Saturation indices-------------------------------

  Phase               SI** log IAP   log K(298 K,   1 atm)

  Anhydrite        -1.29     -5.57   -4.28  CaSO4
  Aragonite        -0.10     -8.44   -8.34  CaCO3
  Arcanite         -8.06     -9.94   -1.88  K2SO4
  Calcite           0.04     -8.44   -8.48  CaCO3
  CH4(g)          -23.54    -26.34   -2.80  CH4
  CO2(g)           -4.05     -5.52   -1.47  CO2
  Dolomite         -0.41    -17.49  -17.08  CaMg(CO3)2
  Epsomite         -4.44     -6.18   -1.74  MgSO4:7H2O
  Gypsum           -0.99     -5.57   -4.58  CaSO4:2H2O
  H2(g)           -11.35    -14.45   -3.10  H2
  H2O(g)           -1.50     -0.00    1.50  H2O
  H2S(g)          -22.95    -30.88   -7.94  H2S
  Halite           -4.42     -2.85    1.57  NaCl
  Hexahydrite      -4.62     -6.18   -1.57  MgSO4:6H2O
  Kieserite        -5.02     -6.18   -1.16  MgSO4:H2O
  Mirabilite       -4.90     -6.14   -1.24  Na2SO4:10H2O
  O2(g)           -60.58    -63.48   -2.89  O2
  Sulfur          -17.52    -12.64    4.88  S
  Sylvite          -5.66     -4.76    0.90  KCl
  Thenardite       -5.83     -6.13   -0.30  Na2SO4

**For a gas, SI = log10(fugacity). Fugacity = pressure * phi / 1 atm.
  For ideal gases, phi = 1.

------------------
End of simulation.
------------------

------------------------------------
Reading input data for simulation 2.
------------------------------------

------------------------------
End of Run after 0.01 Seconds.
------------------------------

